Archive member included to satisfy reference by file (symbol)

/opt/devkitpro/libctru/lib/libctru.a(initArgv.o)
                              /opt/devkitpro/devkitARM/lib/gcc/arm-none-eabi/15.2.0/../../../../arm-none-eabi/lib/armv6k/fpu/3dsx_crt0.o (__system_argc)
/opt/devkitpro/libctru/lib/libctru.a(stack_adjust.o)
                              /opt/devkitpro/devkitARM/lib/gcc/arm-none-eabi/15.2.0/../../../../arm-none-eabi/lib/armv6k/fpu/3dsx_crt0.o (initSystem)
/opt/devkitpro/libctru/lib/libctru.a(3dslink.o)
                              /opt/devkitpro/libctru/lib/libctru.a(initArgv.o) (__3dslink_host)
/opt/devkitpro/libctru/lib/libctru.a(soc_connect.o)
                              /opt/devkitpro/libctru/lib/libctru.a(3dslink.o) (connect)
/opt/devkitpro/libctru/lib/libctru.a(soc_socket.o)
                              /opt/devkitpro/libctru/lib/libctru.a(3dslink.o) (socket)
/opt/devkitpro/libctru/lib/libctru.a(appExit.o)
                              /opt/devkitpro/libctru/lib/libctru.a(stack_adjust.o) (__appExit)
/opt/devkitpro/libctru/lib/libctru.a(appInit.o)
                              /opt/devkitpro/libctru/lib/libctru.a(stack_adjust.o) (__appInit)
/opt/devkitpro/libctru/lib/libctru.a(ctru_exit.o)
                              /opt/devkitpro/libctru/lib/libctru.a(stack_adjust.o) (__libctru_exit)
/opt/devkitpro/libctru/lib/libctru.a(ctru_init.o)
                              /opt/devkitpro/libctru/lib/libctru.a(stack_adjust.o) (__libctru_init)
/opt/devkitpro/libctru/lib/libctru.a(syscalls.o)
                              /opt/devkitpro/libctru/lib/libctru.a(ctru_init.o) (__system_initSyscalls)
/opt/devkitpro/libctru/lib/libctru.a(svc.o)
                              /opt/devkitpro/libctru/lib/libctru.a(ctru_exit.o) (svcControlMemory)
/opt/devkitpro/libctru/lib/libctru.a(archive_dev.o)
                              /opt/devkitpro/libctru/lib/libctru.a(appInit.o) (archiveMountSdmc)
/opt/devkitpro/libctru/lib/libctru.a(env.o)
                              /opt/devkitpro/libctru/lib/libctru.a(ctru_exit.o) (envDestroyHandles)
/opt/devkitpro/libctru/lib/libctru.a(os.o)
                              /opt/devkitpro/libctru/lib/libctru.a(syscalls.o) (osGetTime)
/opt/devkitpro/libctru/lib/libctru.a(path_buf.o)
                              /opt/devkitpro/libctru/lib/libctru.a(archive_dev.o) (__ctru_dev_utf16_buf)
/opt/devkitpro/libctru/lib/libctru.a(srv.o)
                              /opt/devkitpro/libctru/lib/libctru.a(appInit.o) (srvInit)
/opt/devkitpro/libctru/lib/libctru.a(synchronization.o)
                              /opt/devkitpro/libctru/lib/libctru.a(ctru_init.o) (__sync_init)
/opt/devkitpro/libctru/lib/libctru.a(thread.o)
                              /opt/devkitpro/libctru/lib/libctru.a(syscalls.o) (threadCreate)
/opt/devkitpro/libctru/lib/libctru.a(apt.o)
                              /opt/devkitpro/libctru/lib/libctru.a(appExit.o) (aptExit)
/opt/devkitpro/libctru/lib/libctru.a(fs.o)
                              /opt/devkitpro/libctru/lib/libctru.a(appInit.o) (fsInit)
/opt/devkitpro/libctru/lib/libctru.a(gspgpu.o)
                              /opt/devkitpro/libctru/lib/libctru.a(apt.o) (GSPGPU_SetLcdForceBlack)
/opt/devkitpro/libctru/lib/libctru.a(hid.o)
                              /opt/devkitpro/libctru/lib/libctru.a(appInit.o) (hidInit)
/opt/devkitpro/libctru/lib/libctru.a(irrst.o)
                              /opt/devkitpro/libctru/lib/libctru.a(hid.o) (irrstInit)
/opt/devkitpro/libctru/lib/libctru.a(ptmsysm.o)
                              /opt/devkitpro/libctru/lib/libctru.a(os.o) (ptmSysmInit)
/opt/devkitpro/libctru/lib/libctru.a(srvpm.o)
                              /opt/devkitpro/libctru/lib/libctru.a(srv.o) (srvPmGetSessionHandle)
/opt/devkitpro/libctru/lib/libctru.a(soc_common.o)
                              /opt/devkitpro/libctru/lib/libctru.a(soc_connect.o) (_net_convert_error)
/opt/devkitpro/libctru/lib/libctru.a(decode_utf8.o)
                              /opt/devkitpro/libctru/lib/libctru.a(archive_dev.o) (decode_utf8)
/opt/devkitpro/libctru/lib/libctru.a(utf16_to_utf8.o)
                              /opt/devkitpro/libctru/lib/libctru.a(archive_dev.o) (utf16_to_utf8)
/opt/devkitpro/libctru/lib/libctru.a(utf8_to_utf16.o)
                              /opt/devkitpro/libctru/lib/libctru.a(archive_dev.o) (utf8_to_utf16)
/opt/devkitpro/libctru/lib/libctru.a(allocateHeaps.o)
                              /opt/devkitpro/libctru/lib/libctru.a(ctru_init.o) (__system_allocateHeaps)
/opt/devkitpro/libctru/lib/libctru.a(readtp.o)
                              /opt/devkitpro/libctru/lib/libctru.a(archive_dev.o) (__aeabi_read_tp)
/opt/devkitpro/libctru/lib/libctru.a(mappable.o)
                              /opt/devkitpro/libctru/lib/libctru.a(allocateHeaps.o) (mappableInit)
/opt/devkitpro/libctru/lib/libctru.a(decode_utf16.o)
                              /opt/devkitpro/libctru/lib/libctru.a(utf16_to_utf8.o) (decode_utf16)
/opt/devkitpro/libctru/lib/libctru.a(encode_utf16.o)
[...]
Memory Configuration

Name             Origin             Length             Attributes
*default*        0x00000000         0xffffffff

Linker script and memory map

                0x00000000                        __sync_synchronize = __sync_synchronize_dmb
                0x00100000                        PROVIDE (__start__ = 0x100000)
                0x00100000                        . = __start__

.text           0x00100000     0x7ea4
 *(.crt0)
 .crt0          0x00100000       0x94 /opt/devkitpro/devkitARM/lib/gcc/arm-none-eabi/15.2.0/../../../../arm-none-eabi/lib/armv6k/fpu/3dsx_crt0.o
                0x00100000                _start
                0x00100008                __service_ptr
                0x0010000c                __apt_appid
                0x00100010                __heap_size
                0x00100014                __linear_heap_size
                0x00100018                __system_arglist
                0x0010001c                __system_runflags
 *(.init)
 .init          0x00100094        0xc /opt/devkitpro/devkitARM/lib/gcc/arm-none-eabi/15.2.0/armv6k/fpu/crti.o
                0x00100094                _init
 .init          0x001000a0        0xc /opt/devkitpro/devkitARM/lib/gcc/arm-none-eabi/15.2.0/armv6k/fpu/crtn.o
                0x001000ac                        . = ALIGN (0x4)
 *(.text)
 .text          0x001000ac        0x4 /opt/devkitpro/devkitARM/lib/gcc/arm-none-eabi/15.2.0/armv6k/fpu/libgcc.a(_dvmd_tls.o)
                0x001000ac                __aeabi_ldiv0
                0x001000ac                __aeabi_idiv0
 *fill*         0x001000b0       0x10 
 .text          0x001000c0      0x390 /opt/devkitpro/devkitARM/lib/gcc/arm-none-eabi/15.2.0/../../../../arm-none-eabi/lib/armv6k/fpu/libg.a(libc_a-strcmp.o)
                0x001000c8                strcmp
 .text          0x00100450      0x20c /opt/devkitpro/devkitARM/lib/gcc/arm-none-eabi/15.2.0/armv6k/fpu/libgcc.a(_udivsi3.o)
                0x00100450                __udivsi3
                0x00100450                __aeabi_uidiv
                0x0010063c                __aeabi_uidivmod
 *(.text.*)
 .text.__do_global_dtors_aux
                0x0010065c       0x50 /opt/devkitpro/devkitARM/lib/gcc/arm-none-eabi/15.2.0/armv6k/fpu/crtbegin.o
 .text.frame_dummy
                0x001006ac       0x2c /opt/devkitpro/devkitARM/lib/gcc/arm-none-eabi/15.2.0/armv6k/fpu/crtbegin.o
 .text.__system_initArgv
                0x001006d8      0x16c /opt/devkitpro/libctru/lib/libctru.a(initArgv.o)
                0x001006d8                __system_initArgv
 .text.initSystem
                0x00100844       0x50 /opt/devkitpro/libctru/lib/libctru.a(stack_adjust.o)
                0x00100844                initSystem
 .text.__ctru_exit
                0x00100894       0x14 /opt/devkitpro/libctru/lib/libctru.a(stack_adjust.o)
                0x00100894                __ctru_exit
 .text.__appExit
                0x001008a8       0x30 /opt/devkitpro/libctru/lib/libctru.a(appExit.o)
                0x001008a8                __appExit
 .text.__appInit
                0x001008d8       0x30 /opt/devkitpro/libctru/lib/libctru.a(appInit.o)
                0x001008d8                __appInit
 .text.__libctru_exit
                0x00100908       0x90 /opt/devkitpro/libctru/lib/libctru.a(ctru_exit.o)
                0x00100908                __libctru_exit
 .text.__libctru_init
                0x00100998       0x38 /opt/devkitpro/libctru/lib/libctru.a(ctru_init.o)
                0x00100998                __libctru_init
 .text.__syscall_getreent
                0x001009d0       0x30 /opt/devkitpro/libctru/lib/libctru.a(syscalls.o)
                0x001009d0                __syscall_getreent
 .text.__syscall_lock_acquire_recursive
                0x00100a00        0x4 /opt/devkitpro/libctru/lib/libctru.a(syscalls.o)
                0x00100a00                __syscall_lock_acquire_recursive
 .text.__syscall_lock_release_recursive
                0x00100a04        0x4 /opt/devkitpro/libctru/lib/libctru.a(syscalls.o)
                0x00100a04                __syscall_lock_release_recursive
 .text.__syscall_exit
                0x00100a08        0x4 /opt/devkitpro/libctru/lib/libctru.a(syscalls.o)
                0x00100a08                __syscall_exit
 .text.initThreadVars
                0x00100a0c       0x54 /opt/devkitpro/libctru/lib/libctru.a(syscalls.o)
                0x00100a0c                initThreadVars
 .text.__system_initSyscalls
                0x00100a60       0x80 /opt/devkitpro/libctru/lib/libctru.a(syscalls.o)
                0x00100a60                __system_initSyscalls
 .text.svcControlMemory
                0x00100ae0       0x20 /opt/devkitpro/libctru/lib/libctru.a(svc.o)
                0x00100ae0                svcControlMemory
 .text.svcQueryMemory
                0x00100b00       0x30 /opt/devkitpro/libctru/lib/libctru.a(svc.o)
                0x00100b00                svcQueryMemory
 .text.svcExitProcess
                0x00100b30        0x8 /opt/devkitpro/libctru/lib/libctru.a(svc.o)
                0x00100b30                svcExitProcess
 .text.svcCreateThread
                0x00100b38       0x20 /opt/devkitpro/libctru/lib/libctru.a(svc.o)
                0x00100b38                svcCreateThread
 .text.svcExitThread
                0x00100b58        0x8 /opt/devkitpro/libctru/lib/libctru.a(svc.o)
                0x00100b58                svcExitThread
 .text.svcSleepThread
                0x00100b60        0x8 /opt/devkitpro/libctru/lib/libctru.a(svc.o)
                0x00100b60                svcSleepThread
 .text.svcReleaseMutex
                0x00100b68        0x8 /opt/devkitpro/libctru/lib/libctru.a(svc.o)
                0x00100b68                svcReleaseMutex
 .text.svcSignalEvent
                0x00100b70        0x8 /opt/devkitpro/libctru/lib/libctru.a(svc.o)
                0x00100b70                svcSignalEvent
 .text.svcClearEvent
                0x00100b78        0x8 /opt/devkitpro/libctru/lib/libctru.a(svc.o)
                0x00100b78                svcClearEvent
 .text.svcMapMemoryBlock
                0x00100b80        0x8 /opt/devkitpro/libctru/lib/libctru.a(svc.o)
                0x00100b80                svcMapMemoryBlock
 .text.svcUnmapMemoryBlock
                0x00100b88        0x8 /opt/devkitpro/libctru/lib/libctru.a(svc.o)
                0x00100b88                svcUnmapMemoryBlock
 .text.svcCreateAddressArbiter
                0x00100b90       0x14 /opt/devkitpro/libctru/lib/libctru.a(svc.o)
                0x00100b90                svcCreateAddressArbiter
 .text.svcArbitrateAddressNoTimeout
                0x00100ba4        0x8 /opt/devkitpro/libctru/lib/libctru.a(svc.o)
                0x00100ba4                svcArbitrateAddressNoTimeout
 .text.svcCloseHandle
                0x00100bac        0x8 /opt/devkitpro/libctru/lib/libctru.a(svc.o)
                0x00100bac                svcCloseHandle
 .text.svcWaitSynchronization
                0x00100bb4        0x8 /opt/devkitpro/libctru/lib/libctru.a(svc.o)
                0x00100bb4                svcWaitSynchronization
 .text.svcWaitSynchronizationN
                0x00100bbc       0x28 /opt/devkitpro/libctru/lib/libctru.a(svc.o)
                0x00100bbc                svcWaitSynchronizationN
 .text.svcDuplicateHandle
                0x00100be4       0x14 /opt/devkitpro/libctru/lib/libctru.a(svc.o)
                0x00100be4                svcDuplicateHandle
 .text.svcConnectToPort
                0x00100bf8       0x14 /opt/devkitpro/libctru/lib/libctru.a(svc.o)
                0x00100bf8                svcConnectToPort
 .text.svcSendSyncRequest
                0x00100c0c        0x8 /opt/devkitpro/libctru/lib/libctru.a(svc.o)
                0x00100c0c                svcSendSyncRequest
 .text.svcGetResourceLimit
                0x00100c14       0x14 /opt/devkitpro/libctru/lib/libctru.a(svc.o)
                0x00100c14                svcGetResourceLimit
 .text.svcGetResourceLimitLimitValues
                0x00100c28        0x8 /opt/devkitpro/libctru/lib/libctru.a(svc.o)
                0x00100c28                svcGetResourceLimitLimitValues
 .text.svcGetResourceLimitCurrentValues
                0x00100c30        0x8 /opt/devkitpro/libctru/lib/libctru.a(svc.o)
                0x00100c30                svcGetResourceLimitCurrentValues
 .text.svcBreak
                0x00100c38        0x8 /opt/devkitpro/libctru/lib/libctru.a(svc.o)
                0x00100c38                svcBreak
 .text.error_cmp
                0x00100c40       0x24 /opt/devkitpro/libctru/lib/libctru.a(archive_dev.o)
 .text.archive_translate_error
                0x00100c64       0x50 /opt/devkitpro/libctru/lib/libctru.a(archive_dev.o)
 .text.archive_seek
                0x00100cb4       0xc0 /opt/devkitpro/libctru/lib/libctru.a(archive_dev.o)
 .text._archiveInit.part.0
                0x00100d74       0x78 /opt/devkitpro/libctru/lib/libctru.a(archive_dev.o)
 .text.archiveFindDevice.part.0
                0x00100dec      0x110 /opt/devkitpro/libctru/lib/libctru.a(archive_dev.o)
 .text.archive_utf16path
                0x00100efc      0x298 /opt/devkitpro/libctru/lib/libctru.a(archive_dev.o)
 .text._archiveUnmountDeviceStruct.part.0
                0x00101194       0x98 /opt/devkitpro/libctru/lib/libctru.a(archive_dev.o)
 .text._archiveMountDevice
                0x0010122c      0x178 /opt/devkitpro/libctru/lib/libctru.a(archive_dev.o)
 .text.archive_diropen
                0x001013a4       0xf8 /opt/devkitpro/libctru/lib/libctru.a(archive_dev.o)
 .text.archive_fstat
                0x0010149c       0xac /opt/devkitpro/libctru/lib/libctru.a(archive_dev.o)
 .text.archive_fsync
                0x00101548       0x74 /opt/devkitpro/libctru/lib/libctru.a(archive_dev.o)
 .text.archive_close
                0x001015bc       0x74 /opt/devkitpro/libctru/lib/libctru.a(archive_dev.o)
 .text.archive_dirclose
                0x00101630       0x78 /opt/devkitpro/libctru/lib/libctru.a(archive_dev.o)
 .text.sdmc_statvfs
                0x001016a8       0xec /opt/devkitpro/libctru/lib/libctru.a(archive_dev.o)
 .text.archive_chdir
                0x00101794       0xf8 /opt/devkitpro/libctru/lib/libctru.a(archive_dev.o)
 .text.archive_ftruncate
                0x0010188c       0x8c /opt/devkitpro/libctru/lib/libctru.a(archive_dev.o)
 .text.archive_read
                0x00101918       0xbc /opt/devkitpro/libctru/lib/libctru.a(archive_dev.o)
 .text.archive_unlink
                0x001019d4       0xa8 /opt/devkitpro/libctru/lib/libctru.a(archive_dev.o)
 .text.archive_rmdir
                0x00101a7c       0xc0 /opt/devkitpro/libctru/lib/libctru.a(archive_dev.o)
 .text.archive_mkdir
                0x00101b3c       0xd8 /opt/devkitpro/libctru/lib/libctru.a(archive_dev.o)
 .text.archive_stat
                0x00101c14      0x1a0 /opt/devkitpro/libctru/lib/libctru.a(archive_dev.o)
 .text.archive_dirnext
                0x00101db4      0x164 /opt/devkitpro/libctru/lib/libctru.a(archive_dev.o)
 .text.archive_write
                0x00101f18      0x13c /opt/devkitpro/libctru/lib/libctru.a(archive_dev.o)
 *fill*         0x00102054        0x4 
 .text.archive_open
                0x00102058      0x254 /opt/devkitpro/libctru/lib/libctru.a(archive_dev.o)
 .text.archive_rename
                0x001022ac      0x270 /opt/devkitpro/libctru/lib/libctru.a(archive_dev.o)
 .text.archiveMountSdmc
                0x0010251c      0x1c8 /opt/devkitpro/libctru/lib/libctru.a(archive_dev.o)
                0x0010251c                archiveMountSdmc
 .text.archiveUnmountAll
                0x001026e4       0x54 /opt/devkitpro/libctru/lib/libctru.a(archive_dev.o)
                0x001026e4                archiveUnmountAll
 .text.envGetHandle
                0x00102738       0x8c /opt/devkitpro/libctru/lib/libctru.a(env.o)
                0x00102738                envGetHandle
 .text.envDestroyHandles
                0x001027c4       0x50 /opt/devkitpro/libctru/lib/libctru.a(env.o)
                0x001027c4                envDestroyHandles
 .text.__ctru_speedup_config
                0x00102814       0x34 /opt/devkitpro/libctru/lib/libctru.a(os.o)
                0x00102814                __ctru_speedup_config
 .text.srvInit  0x00102848      0x164 /opt/devkitpro/libctru/lib/libctru.a(srv.o)
                0x00102848                srvInit
 .text.srvExit  0x001029ac       0x64 /opt/devkitpro/libctru/lib/libctru.a(srv.o)
                0x001029ac                srvExit
 .text.srvEnableNotification
                0x00102a10       0x60 /opt/devkitpro/libctru/lib/libctru.a(srv.o)
                0x00102a10                srvEnableNotification
 .text.srvGetServiceHandleDirect
                0x00102a70       0xa0 /opt/devkitpro/libctru/lib/libctru.a(srv.o)
                0x00102a70                srvGetServiceHandleDirect
 .text.srvGetServiceHandle
                0x00102b10       0x48 /opt/devkitpro/libctru/lib/libctru.a(srv.o)
                0x00102b10                srvGetServiceHandle
 .text.srvSubscribe
                0x00102b58       0x34 /opt/devkitpro/libctru/lib/libctru.a(srv.o)
                0x00102b58                srvSubscribe
 .text.srvReceiveNotification
                0x00102b8c       0x60 /opt/devkitpro/libctru/lib/libctru.a(srv.o)
                0x00102b8c                srvReceiveNotification
 .text.srvPublishToSubscriber
                0x00102bec       0x38 /opt/devkitpro/libctru/lib/libctru.a(srv.o)
                0x00102bec                srvPublishToSubscriber
 .text.__sync_init
                0x00102c24        0xc /opt/devkitpro/libctru/lib/libctru.a(synchronization.o)
                0x00102c24                __sync_init
 .text.__sync_fini
                0x00102c30       0x18 /opt/devkitpro/libctru/lib/libctru.a(synchronization.o)
                0x00102c30                __sync_fini
 .text.LightLock_Lock
                0x00102c48       0xac /opt/devkitpro/libctru/lib/libctru.a(synchronization.o)
                0x00102c48                LightLock_Lock
 .text.RecursiveLock_Lock
                0x00102cf4       0x54 /opt/devkitpro/libctru/lib/libctru.a(synchronization.o)
                0x00102cf4                RecursiveLock_Lock
 .text.RecursiveLock_Unlock
                0x00102d48       0x54 /opt/devkitpro/libctru/lib/libctru.a(synchronization.o)
                0x00102d48                RecursiveLock_Unlock
 .text.LightEvent_Init
                0x00102d9c       0x44 /opt/devkitpro/libctru/lib/libctru.a(synchronization.o)
                0x00102d9c                LightEvent_Init
 .text.LightEvent_Clear
                0x00102de0       0xb8 /opt/devkitpro/libctru/lib/libctru.a(synchronization.o)
                0x00102de0                LightEvent_Clear
 .text.LightEvent_Signal
                0x00102e98       0xdc /opt/devkitpro/libctru/lib/libctru.a(synchronization.o)
                0x00102e98                LightEvent_Signal
 .text.LightEvent_TryWait
                0x00102f74       0x50 /opt/devkitpro/libctru/lib/libctru.a(synchronization.o)
                0x00102f74                LightEvent_TryWait
 .text.LightEvent_Wait
                0x00102fc4       0xac /opt/devkitpro/libctru/lib/libctru.a(synchronization.o)
                0x00102fc4                LightEvent_Wait
 .text.threadCreate
                0x00103070      0x1fc /opt/devkitpro/libctru/lib/libctru.a(thread.o)
                0x00103070                threadCreate
 .text.threadFree
                0x0010326c       0x38 /opt/devkitpro/libctru/lib/libctru.a(thread.o)
                0x0010326c                threadFree
 .text.threadJoin
                0x001032a4       0x24 /opt/devkitpro/libctru/lib/libctru.a(thread.o)
                0x001032a4                threadJoin
 .text.threadGetCurrent
                0x001032c8       0x30 /opt/devkitpro/libctru/lib/libctru.a(thread.o)
                0x001032c8                threadGetCurrent
 .text.threadExit
                0x001032f8       0x40 /opt/devkitpro/libctru/lib/libctru.a(thread.o)
                0x001032f8                threadExit
 .text._thread_begin
                0x00103338       0x20 /opt/devkitpro/libctru/lib/libctru.a(thread.o)
 .text.aptDspSleep
                0x00103358        0x8 /opt/devkitpro/libctru/lib/libctru.a(apt.o)
                0x00103358                aptDspSleep
 .text.aptDspWakeup
                0x00103360        0x4 /opt/devkitpro/libctru/lib/libctru.a(apt.o)
                0x00103360                aptDspWakeup
 .text.aptDspCancel
                0x00103364        0x4 /opt/devkitpro/libctru/lib/libctru.a(apt.o)
                0x00103364                aptDspCancel
 .text.aptSendCommand
                0x00103368      0x138 /opt/devkitpro/libctru/lib/libctru.a(apt.o)
                0x00103368                aptSendCommand
 .text.aptExitProcess
                0x001034a0       0x44 /opt/devkitpro/libctru/lib/libctru.a(apt.o)
 .text.aptExit  0x001034e4      0x394 /opt/devkitpro/libctru/lib/libctru.a(apt.o)
                0x001034e4                aptExit
 .text.APT_SleepIfShellClosed
                0x00103878       0x84 /opt/devkitpro/libctru/lib/libctru.a(apt.o)
                0x00103878                APT_SleepIfShellClosed
 .text.APT_UnlockTransition
                0x001038fc       0x84 /opt/devkitpro/libctru/lib/libctru.a(apt.o)
                0x001038fc                APT_UnlockTransition
 .text.aptEventHandler
                0x00103980      0x470 /opt/devkitpro/libctru/lib/libctru.a(apt.o)
 .text.APT_ReceiveParameter
                0x00103df0       0xbc /opt/devkitpro/libctru/lib/libctru.a(apt.o)
                0x00103df0                APT_ReceiveParameter
 .text.aptReceiveParameter.constprop.0
                0x00103eac       0xb0 /opt/devkitpro/libctru/lib/libctru.a(apt.o)
 .text.aptWaitForWakeUp.isra.0
                0x00103f5c      0x2d0 /opt/devkitpro/libctru/lib/libctru.a(apt.o)
 .text.aptInit  0x0010422c      0x240 /opt/devkitpro/libctru/lib/libctru.a(apt.o)
                0x0010422c                aptInit
 .text.APT_CheckNew3DS
                0x0010446c       0x90 /opt/devkitpro/libctru/lib/libctru.a(apt.o)
                0x0010446c                APT_CheckNew3DS
 .text.fsInit   0x001044fc      0x104 /opt/devkitpro/libctru/lib/libctru.a(fs.o)
                0x001044fc                fsInit
 .text.fsExit   0x00104600       0x3c /opt/devkitpro/libctru/lib/libctru.a(fs.o)
                0x00104600                fsExit
 .text.fsExemptFromSession
                0x0010463c       0x68 /opt/devkitpro/libctru/lib/libctru.a(fs.o)
                0x0010463c                fsExemptFromSession
 .text.fsUnexemptFromSession
                0x001046a4       0x50 /opt/devkitpro/libctru/lib/libctru.a(fs.o)
                0x001046a4                fsUnexemptFromSession
 .text.FSUSER_OpenFile
                0x001046f4       0xcc /opt/devkitpro/libctru/lib/libctru.a(fs.o)
                0x001046f4                FSUSER_OpenFile
 .text.FSUSER_DeleteFile
                0x001047c0       0xb8 /opt/devkitpro/libctru/lib/libctru.a(fs.o)
                0x001047c0                FSUSER_DeleteFile
 .text.FSUSER_RenameFile
                0x00104878       0xf4 /opt/devkitpro/libctru/lib/libctru.a(fs.o)
                0x00104878                FSUSER_RenameFile
 .text.FSUSER_DeleteDirectory
                0x0010496c       0xb8 /opt/devkitpro/libctru/lib/libctru.a(fs.o)
                0x0010496c                FSUSER_DeleteDirectory
 .text.FSUSER_CreateFile
                0x00104a24       0xd0 /opt/devkitpro/libctru/lib/libctru.a(fs.o)
                0x00104a24                FSUSER_CreateFile
 .text.FSUSER_CreateDirectory
                0x00104af4       0xc0 /opt/devkitpro/libctru/lib/libctru.a(fs.o)
                0x00104af4                FSUSER_CreateDirectory
 .text.FSUSER_RenameDirectory
                0x00104bb4       0xf4 /opt/devkitpro/libctru/lib/libctru.a(fs.o)
                0x00104bb4                FSUSER_RenameDirectory
 .text.FSUSER_OpenDirectory
                0x00104ca8       0xb4 /opt/devkitpro/libctru/lib/libctru.a(fs.o)
                0x00104ca8                FSUSER_OpenDirectory
 .text.FSUSER_OpenArchive
                0x00104d5c       0x90 /opt/devkitpro/libctru/lib/libctru.a(fs.o)
                0x00104d5c                FSUSER_OpenArchive
 .text.FSUSER_CloseArchive
                0x00104dec       0x8c /opt/devkitpro/libctru/lib/libctru.a(fs.o)
                0x00104dec                FSUSER_CloseArchive
 .text.FSUSER_GetSdmcArchiveResource
                0x00104e78       0x74 /opt/devkitpro/libctru/lib/libctru.a(fs.o)
                0x00104e78                FSUSER_GetSdmcArchiveResource
 .text.FSUSER_IsSdmcWritable
                0x00104eec       0x64 /opt/devkitpro/libctru/lib/libctru.a(fs.o)
                0x00104eec                FSUSER_IsSdmcWritable
 .text.FSFILE_Read
                0x00104f50       0x64 /opt/devkitpro/libctru/lib/libctru.a(fs.o)
                0x00104f50                FSFILE_Read
 .text.FSFILE_Write
                0x00104fb4       0x6c /opt/devkitpro/libctru/lib/libctru.a(fs.o)
                0x00104fb4                FSFILE_Write
 .text.FSFILE_GetSize
                0x00105020       0x44 /opt/devkitpro/libctru/lib/libctru.a(fs.o)
                0x00105020                FSFILE_GetSize
 .text.FSFILE_SetSize
                0x00105064       0x28 /opt/devkitpro/libctru/lib/libctru.a(fs.o)
                0x00105064                FSFILE_SetSize
 .text.FSFILE_Close
                0x0010508c       0x3c /opt/devkitpro/libctru/lib/libctru.a(fs.o)
                0x0010508c                FSFILE_Close
 .text.FSFILE_Flush
                0x001050c8       0x24 /opt/devkitpro/libctru/lib/libctru.a(fs.o)
                0x001050c8                FSFILE_Flush
 .text.FSDIR_Read
                0x001050ec       0x60 /opt/devkitpro/libctru/lib/libctru.a(fs.o)
                0x001050ec                FSDIR_Read
 .text.FSDIR_Close
                0x0010514c       0x3c /opt/devkitpro/libctru/lib/libctru.a(fs.o)
                0x0010514c                FSDIR_Close
 .text.GSPGPU_AcquireRight
                0x00105188       0x84 /opt/devkitpro/libctru/lib/libctru.a(gspgpu.o)
                0x00105188                GSPGPU_AcquireRight
 .text.GSPGPU_RestoreVramSysArea
                0x0010520c       0x2c /opt/devkitpro/libctru/lib/libctru.a(gspgpu.o)
                0x0010520c                GSPGPU_RestoreVramSysArea
 .text.hidShouldUseIrrst
                0x00105238       0x24 /opt/devkitpro/libctru/lib/libctru.a(hid.o)
                0x00105238                hidShouldUseIrrst
 .text.hidInit  0x0010525c      0x1cc /opt/devkitpro/libctru/lib/libctru.a(hid.o)
                0x0010525c                hidInit
 .text.hidExit  0x00105428       0xe8 /opt/devkitpro/libctru/lib/libctru.a(hid.o)
                0x00105428                hidExit
 .text.irrstInit
                0x00105510      0x1a4 /opt/devkitpro/libctru/lib/libctru.a(irrst.o)
                0x00105510                irrstInit
 .text.irrstExit
                0x001056b4       0xdc /opt/devkitpro/libctru/lib/libctru.a(irrst.o)
                0x001056b4                irrstExit
 .text.ptmSysmInit
                0x00105790       0x78 /opt/devkitpro/libctru/lib/libctru.a(ptmsysm.o)
                0x00105790                ptmSysmInit
 .text.ptmSysmExit
                0x00105808       0x3c /opt/devkitpro/libctru/lib/libctru.a(ptmsysm.o)
                0x00105808                ptmSysmExit
 .text.PTMSYSM_ConfigureNew3DSCPU
                0x00105844       0x34 /opt/devkitpro/libctru/lib/libctru.a(ptmsysm.o)
                0x00105844                PTMSYSM_ConfigureNew3DSCPU
 .text.srvPmGetSessionHandle
                0x00105878        0xc /opt/devkitpro/libctru/lib/libctru.a(srvpm.o)
                0x00105878                srvPmGetSessionHandle
 .text.decode_utf8
                0x00105884      0x140 /opt/devkitpro/libctru/lib/libctru.a(decode_utf8.o)
                0x00105884                decode_utf8
 .text.utf16_to_utf8
                0x001059c4       0xe8 /opt/devkitpro/libctru/lib/libctru.a(utf16_to_utf8.o)
                0x001059c4                utf16_to_utf8
 .text.utf8_to_utf16
                0x00105aac       0xc0 /opt/devkitpro/libctru/lib/libctru.a(utf8_to_utf16.o)
                0x00105aac                utf8_to_utf16
 *fill*         0x00105b6c        0x4 
 .text.__system_allocateHeaps
                0x00105b70      0x1e8 /opt/devkitpro/libctru/lib/libctru.a(allocateHeaps.o)
                0x00105b70                __system_allocateHeaps
 .text.__aeabi_read_tp
                0x00105d58        0xc /opt/devkitpro/libctru/lib/libctru.a(readtp.o)
                0x00105d58                __aeabi_read_tp
 .text.mappableFindAddressWithin
                0x00105d64       0x90 /opt/devkitpro/libctru/lib/libctru.a(mappable.o)
 .text.mappableInit
                0x00105df4       0x28 /opt/devkitpro/libctru/lib/libctru.a(mappable.o)
                0x00105df4                mappableInit
 .text.mappableAlloc
                0x00105e1c       0x7c /opt/devkitpro/libctru/lib/libctru.a(mappable.o)
                0x00105e1c                mappableAlloc
 .text.mappableFree
                0x00105e98        0x4 /opt/devkitpro/libctru/lib/libctru.a(mappable.o)
                0x00105e98                mappableFree
 .text.decode_utf16
                0x00105e9c       0x54 /opt/devkitpro/libctru/lib/libctru.a(decode_utf16.o)
                0x00105e9c                decode_utf16
 .text.encode_utf16
                0x00105ef0       0x54 /opt/devkitpro/libctru/lib/libctru.a(encode_utf16.o)
                0x00105ef0                encode_utf16
 .text.encode_utf8
                0x00105f44       0xe0 /opt/devkitpro/libctru/lib/libctru.a(encode_utf8.o)
                0x00105f44                encode_utf8
 .text.strncat  0x00106024       0xe4 /opt/devkitpro/devkitARM/lib/gcc/arm-none-eabi/15.2.0/../../../../arm-none-eabi/lib/armv6k/fpu/libg.a(libc_a-strncat.o)
                0x00106024                strncat
 .text.memcpy   0x00106108      0x128 /opt/devkitpro/devkitARM/lib/gcc/arm-none-eabi/15.2.0/../../../../arm-none-eabi/lib/armv6k/fpu/libg.a(libc_a-memcpy-stub.o)
                0x00106108                memcpy
 .text.strlen   0x00106230       0x8c /opt/devkitpro/devkitARM/lib/gcc/arm-none-eabi/15.2.0/../../../../arm-none-eabi/lib/armv6k/fpu/libg.a(libc_a-strlen.o)
                0x00106230                strlen
 .text.bsearch  0x001062bc       0x78 /opt/devkitpro/devkitARM/lib/gcc/arm-none-eabi/15.2.0/../../../../arm-none-eabi/lib/armv6k/fpu/libg.a(libc_a-bsearch.o)
                0x001062bc                bsearch
 .text.memalign
                0x00106334       0x28 /opt/devkitpro/devkitARM/lib/gcc/arm-none-eabi/15.2.0/../../../../arm-none-eabi/lib/armv6k/fpu/libg.a(libc_a-malign.o)
                0x00106334                memalign
 .text._strtoul_l.isra.0
                0x0010635c      0x1ec /opt/devkitpro/devkitARM/lib/gcc/arm-none-eabi/15.2.0/../../../../arm-none-eabi/lib/armv6k/fpu/libg.a(libc_a-strtoul.o)
 .text.strtoul  0x00106548       0x3c /opt/devkitpro/devkitARM/lib/gcc/arm-none-eabi/15.2.0/../../../../arm-none-eabi/lib/armv6k/fpu/libg.a(libc_a-strtoul.o)
                0x00106548                strtoul
 .text._memalign_r
                0x00106584      0x16c /opt/devkitpro/devkitARM/lib/gcc/arm-none-eabi/15.2.0/../../../../arm-none-eabi/lib/armv6k/fpu/libg.a(libc_a-malignr.o)
                0x00106584                _memalign_r
 .text.memset   0x001066f0       0xe4 /opt/devkitpro/devkitARM/lib/gcc/arm-none-eabi/15.2.0/../../../../arm-none-eabi/lib/armv6k/fpu/libg.a(libc_a-memset.o)
                0x001066f0                memset
 .text._malloc_r
                0x001067d4      0x82c /opt/devkitpro/devkitARM/lib/gcc/arm-none-eabi/15.2.0/../../../../arm-none-eabi/lib/armv6k/fpu/libg.a(libc_a-mallocr.o)
                0x001067d4                _malloc_r
 .text._malloc_trim_r
                0x00107000      0x114 /opt/devkitpro/devkitARM/lib/gcc/arm-none-eabi/15.2.0/../../../../arm-none-eabi/lib/armv6k/fpu/libg.a(libc_a-freer.o)
                0x00107000                _malloc_trim_r
 .text._free_r  0x00107114      0x314 /opt/devkitpro/devkitARM/lib/gcc/arm-none-eabi/15.2.0/../../../../arm-none-eabi/lib/armv6k/fpu/libg.a(libc_a-freer.o)
                0x00107114                _free_r
 .text.__libc_init_array
                0x00107428       0x84 /opt/devkitpro/devkitARM/lib/gcc/arm-none-eabi/15.2.0/../../../../arm-none-eabi/lib/armv6k/fpu/libg.a(libc_a-init.o)
                0x00107428                __libc_init_array
 .text.strncpy  0x001074ac       0xd4 /opt/devkitpro/devkitARM/lib/gcc/arm-none-eabi/15.2.0/../../../../arm-none-eabi/lib/armv6k/fpu/libg.a(libc_a-strncpy.o)
                0x001074ac                strncpy
 .text.malloc   0x00107580       0x40 /opt/devkitpro/devkitARM/lib/gcc/arm-none-eabi/15.2.0/../../../../arm-none-eabi/lib/armv6k/fpu/libg.a(libc_a-malloc.o)
                0x00107580                malloc
 .text.free     0x001075c0       0x20 /opt/devkitpro/devkitARM/lib/gcc/arm-none-eabi/15.2.0/../../../../arm-none-eabi/lib/armv6k/fpu/libg.a(libc_a-malloc.o)
                0x001075c0                free
 .text.__malloc_lock
                0x001075e0        0xc /opt/devkitpro/devkitARM/lib/gcc/arm-none-eabi/15.2.0/../../../../arm-none-eabi/lib/armv6k/fpu/libg.a(libc_a-mlock.o)
                0x001075e0                __malloc_lock
 .text.__malloc_unlock
                0x001075ec        0xc /opt/devkitpro/devkitARM/lib/gcc/arm-none-eabi/15.2.0/../../../../arm-none-eabi/lib/armv6k/fpu/libg.a(libc_a-mlock.o)
                0x001075ec                __malloc_unlock
 .text.__call_exitprocs
                0x001075f8        0x4 /opt/devkitpro/devkitARM/lib/gcc/arm-none-eabi/15.2.0/../../../../arm-none-eabi/lib/armv6k/fpu/libg.a(libc_a-exit.o)
                0x001075f8                __call_exitprocs
 .text.exit     0x001075fc       0x30 /opt/devkitpro/devkitARM/lib/gcc/arm-none-eabi/15.2.0/../../../../arm-none-eabi/lib/armv6k/fpu/libg.a(libc_a-exit.o)
                0x001075fc                exit
 .text.__libc_fini_array
                0x0010762c       0x3c /opt/devkitpro/devkitARM/lib/gcc/arm-none-eabi/15.2.0/../../../../arm-none-eabi/lib/armv6k/fpu/libg.a(libc_a-fini.o)
                0x0010762c                __libc_fini_array
 .text.strnlen  0x00107668       0x3c /opt/devkitpro/devkitARM/lib/gcc/arm-none-eabi/15.2.0/../../../../arm-none-eabi/lib/armv6k/fpu/libg.a(libc_a-strnlen.o)
                0x00107668                strnlen
 .text.strncmp  0x001076a4       0xd8 /opt/devkitpro/devkitARM/lib/gcc/arm-none-eabi/15.2.0/../../../../arm-none-eabi/lib/armv6k/fpu/libg.a(libc_a-strncmp.o)
                0x001076a4                strncmp
 .text._exit    0x0010777c       0x20 /opt/devkitpro/devkitARM/lib/gcc/arm-none-eabi/15.2.0/../../../../arm-none-eabi/lib/armv6k/fpu/libsysbase.a(libsysbase_libsysbase_a-_exit.o)
                0x0010777c                _exit
 .text.chdir    0x0010779c      0x140 /opt/devkitpro/devkitARM/lib/gcc/arm-none-eabi/15.2.0/../../../../arm-none-eabi/lib/armv6k/fpu/libsysbase.a(libsysbase_libsysbase_a-chdir.o)
                0x0010779c                chdir
 .text._concatenate_path
                0x001078dc      0x1c8 /opt/devkitpro/devkitARM/lib/gcc/arm-none-eabi/15.2.0/../../../../arm-none-eabi/lib/armv6k/fpu/libsysbase.a(libsysbase_libsysbase_a-concatenate.o)
                0x001078dc                _concatenate_path
 .text.__getreent
                0x00107aa4       0x2c /opt/devkitpro/devkitARM/lib/gcc/arm-none-eabi/15.2.0/../../../../arm-none-eabi/lib/armv6k/fpu/libsysbase.a(libsysbase_libsysbase_a-getreent.o)
                0x00107aa4                __getreent
 .text.null_write
                0x00107ad0        0x8 /opt/devkitpro/devkitARM/lib/gcc/arm-none-eabi/15.2.0/../../../../arm-none-eabi/lib/armv6k/fpu/libsysbase.a(libsysbase_libsysbase_a-iosupport.o)
 .text.setDefaultDevice
                0x00107ad8       0x18 /opt/devkitpro/devkitARM/lib/gcc/arm-none-eabi/15.2.0/../../../../arm-none-eabi/lib/armv6k/fpu/libsysbase.a(libsysbase_libsysbase_a-iosupport.o)
                0x00107ad8                setDefaultDevice
 .text.FindDevice
                0x00107af0       0x98 /opt/devkitpro/devkitARM/lib/gcc/arm-none-eabi/15.2.0/../../../../arm-none-eabi/lib/armv6k/fpu/libsysbase.a(libsysbase_libsysbase_a-iosupport.o)
                0x00107af0                FindDevice
 .text.RemoveDevice
                0x00107b88       0x24 /opt/devkitpro/devkitARM/lib/gcc/arm-none-eabi/15.2.0/../../../../arm-none-eabi/lib/armv6k/fpu/libsysbase.a(libsysbase_libsysbase_a-iosupport.o)
                0x00107b88                RemoveDevice
 .text.AddDevice
                0x00107bac       0x88 /opt/devkitpro/devkitARM/lib/gcc/arm-none-eabi/15.2.0/../../../../arm-none-eabi/lib/armv6k/fpu/libsysbase.a(libsysbase_libsysbase_a-iosupport.o)
                0x00107bac                AddDevice
 .text.GetDeviceOpTab
                0x00107c34       0x20 /opt/devkitpro/devkitARM/lib/gcc/arm-none-eabi/15.2.0/../../../../arm-none-eabi/lib/armv6k/fpu/libsysbase.a(libsysbase_libsysbase_a-iosupport.o)
                0x00107c34                GetDeviceOpTab
 .text._sbrk_r  0x00107c54       0x78 /opt/devkitpro/devkitARM/lib/gcc/arm-none-eabi/15.2.0/../../../../arm-none-eabi/lib/armv6k/fpu/libsysbase.a(libsysbase_libsysbase_a-sbrk.o)
                0x00107c54                _sbrk_r
 .text.__libc_lock_acquire_recursive
                0x00107ccc       0x1c /opt/devkitpro/devkitARM/lib/gcc/arm-none-eabi/15.2.0/../../../../arm-none-eabi/lib/armv6k/fpu/libsysbase.a(libsysbase_libsysbase_a-syscall_support.o)
                0x00107ccc                __libc_lock_acquire_recursive
 .text.__libc_lock_release_recursive
                0x00107ce8       0x1c /opt/devkitpro/devkitARM/lib/gcc/arm-none-eabi/15.2.0/../../../../arm-none-eabi/lib/armv6k/fpu/libsysbase.a(libsysbase_libsysbase_a-syscall_support.o)
                0x00107ce8                __libc_lock_release_recursive
 .text.strchr   0x00107d04      0x140 /opt/devkitpro/devkitARM/lib/gcc/arm-none-eabi/15.2.0/../../../../arm-none-eabi/lib/armv6k/fpu/libg.a(libc_a-strchr.o)
                0x00107d04                strchr
 .text.strrchr  0x00107e44       0x48 /opt/devkitpro/devkitARM/lib/gcc/arm-none-eabi/15.2.0/../../../../arm-none-eabi/lib/armv6k/fpu/libg.a(libc_a-strrchr.o)
                0x00107e44                strrchr
 *(.glue_7)
 .glue_7        0x00107e8c        0x0 linker stubs
 *(.glue_7t)
 .glue_7t       0x00107e8c        0x0 linker stubs
 *(.stub)
 *(.gnu.warning)
 *(.gnu.linkonce.t*)
                0x00107e8c                        . = ALIGN (0x4)
 *(.fini)
 .fini          0x00107e8c        0xc /opt/devkitpro/devkitARM/lib/gcc/arm-none-eabi/15.2.0/armv6k/fpu/crti.o
                0x00107e8c                _fini
 .fini          0x00107e98        0xc /opt/devkitpro/devkitARM/lib/gcc/arm-none-eabi/15.2.0/armv6k/fpu/crtn.o
                0x00107ea4                        . = ALIGN (0x4)

.vfp11_veneer   0x00107ea4        0x0
 .vfp11_veneer  0x00107ea4        0x0 linker stubs

.v4_bx          0x00107ea4        0x0
 .v4_bx         0x00107ea4        0x0 linker stubs

.iplt           0x00107ea4        0x0
 .iplt          0x00107ea4        0x0 /opt/devkitpro/devkitARM/lib/gcc/arm-none-eabi/15.2.0/../../../../arm-none-eabi/lib/armv6k/fpu/3dsx_crt0.o
                0x00108000                        . = ALIGN (0x1000)

.rodata         0x00108000      0x2f4
 *(.rodata)
 .rodata        0x00108000        0xc /opt/devkitpro/libctru/lib/libctru.a(archive_dev.o)
 *(.roda)
 *(.rodata.*)
 .rodata.__system_initArgv.str1.4
                0x0010800c       0x7d /opt/devkitpro/libctru/lib/libctru.a(initArgv.o)
                                  0xa (size before relaxing)
 .rodata.archive_utf16path.str1.4
                0x00108089        0x0 /opt/devkitpro/libctru/lib/libctru.a(archive_dev.o)
                                  0x2 (size before relaxing)
 .rodata._archiveUnmountDeviceStruct.part.0.str1.4
                0x00108089        0x0 /opt/devkitpro/libctru/lib/libctru.a(archive_dev.o)
                                  0x2 (size before relaxing)
 .rodata._archiveMountDevice.str1.4
                0x00108089        0x0 /opt/devkitpro/libctru/lib/libctru.a(archive_dev.o)
                                  0xc (size before relaxing)
 .rodata.archiveMountSdmc.str1.4
                0x00108089        0x0 /opt/devkitpro/libctru/lib/libctru.a(archive_dev.o)
                                  0x5 (size before relaxing)
 *fill*         0x00108089        0x3 
 .rodata.error_table
                0x0010808c       0x30 /opt/devkitpro/libctru/lib/libctru.a(archive_dev.o)
 .rodata.str1.4
                0x001080bc        0x0 /opt/devkitpro/libctru/lib/libctru.a(archive_dev.o)
                                  0x8 (size before relaxing)
 .rodata.archive_devoptab
                0x001080bc       0x80 /opt/devkitpro/libctru/lib/libctru.a(archive_dev.o)
 .rodata.srvInit.str1.4
                0x0010813c        0x0 /opt/devkitpro/libctru/lib/libctru.a(srv.o)
                                  0x5 (size before relaxing)
 .rodata.aptEventHandler
                0x0010813c        0xb /opt/devkitpro/libctru/lib/libctru.a(apt.o)
 .rodata.aptWaitForWakeUp.isra.0
                0x00108147       0x11 /opt/devkitpro/libctru/lib/libctru.a(apt.o)
 .rodata.s_sleepWakeEvents.4
                0x00108158        0x8 /opt/devkitpro/libctru/lib/libctru.a(apt.o)
 .rodata.str1.4
                0x00108160        0x0 /opt/devkitpro/libctru/lib/libctru.a(apt.o)
                                 0x16 (size before relaxing)
 .rodata.serviceNameTable.5
                0x00108160        0xc /opt/devkitpro/libctru/lib/libctru.a(apt.o)
 .rodata.fsInit.str1.4
                0x0010816c        0x0 /opt/devkitpro/libctru/lib/libctru.a(fs.o)
                                  0x8 (size before relaxing)
 .rodata.hidInit.str1.4
                0x0010816c        0x0 /opt/devkitpro/libctru/lib/libctru.a(hid.o)
                                 0x15 (size before relaxing)
 .rodata.irrstInit.str1.4
                0x0010816c        0x0 /opt/devkitpro/libctru/lib/libctru.a(irrst.o)
                                  0x7 (size before relaxing)
 .rodata.ptmSysmInit.str1.4
                0x0010816c        0x0 /opt/devkitpro/libctru/lib/libctru.a(ptmsysm.o)
                                  0x9 (size before relaxing)
 .rodata._ctype_
                0x0010816c      0x101 /opt/devkitpro/devkitARM/lib/gcc/arm-none-eabi/15.2.0/../../../../arm-none-eabi/lib/armv6k/fpu/libg.a(libc_a-ctype_.o)
                0x0010816c                _ctype_
 .rodata.str1.4
                0x0010826d        0x0 /opt/devkitpro/devkitARM/lib/gcc/arm-none-eabi/15.2.0/../../../../arm-none-eabi/lib/armv6k/fpu/libsysbase.a(libsysbase_libsysbase_a-iosupport.o)
                                  0x8 (size before relaxing)
 *fill*         0x0010826d        0x3 
 .rodata.dotab_stdnull
                0x00108270       0x80 /opt/devkitpro/devkitARM/lib/gcc/arm-none-eabi/15.2.0/../../../../arm-none-eabi/lib/armv6k/fpu/libsysbase.a(libsysbase_libsysbase_a-iosupport.o)
                0x00108270                dotab_stdnull
 *all.rodata*(*)
 *(.gnu.linkonce.r*)
                0x001082f0                        . = ALIGN (0x4)
                0x001082f0                        __tdata_align = .
                0x001082f0        0x4 LONG 0x4 ALIGNOF (.tdata)
                0x001082f4                        . = ALIGN (0x4)

.eh_frame       0x001082f4        0x0
 .eh_frame      0x001082f4        0x0 /opt/devkitpro/devkitARM/lib/gcc/arm-none-eabi/15.2.0/armv6k/fpu/crtbegin.o

.rel.dyn        0x001082f4        0x0
 .rel.iplt      0x001082f4        0x0 /opt/devkitpro/devkitARM/lib/gcc/arm-none-eabi/15.2.0/../../../../arm-none-eabi/lib/armv6k/fpu/3dsx_crt0.o
 .rel.got       0x001082f4        0x0 /opt/devkitpro/devkitARM/lib/gcc/arm-none-eabi/15.2.0/../../../../arm-none-eabi/lib/armv6k/fpu/3dsx_crt0.o

.ARM.extab
 *(.ARM.extab* .gnu.linkonce.armextab.*)
                0x001082f4                        __exidx_start = .

.ARM.exidx
 *(.ARM.exidx* .gnu.linkonce.armexidx.*)
                0x001082f4                        __exidx_end = .
                0x00109000                        . = ALIGN (0x1000)

.data           0x00109000      0xab0
 *(.data)
 *(.data.*)
 .data.__stacksize__
                0x00109000        0x4 /opt/devkitpro/libctru/lib/libctru.a(stack_adjust.o)
                0x00109000                __stacksize__
 .data.aptChainloadDeliverArgSize
                0x00109004        0x4 /opt/devkitpro/libctru/lib/libctru.a(apt.o)
 .data._impure_ptr
                0x00109008        0x4 /opt/devkitpro/devkitARM/lib/gcc/arm-none-eabi/15.2.0/../../../../arm-none-eabi/lib/armv6k/fpu/libg.a(libc_a-impure.o)
                0x00109008                _impure_ptr
 *fill*         0x0010900c        0x4 
 .data._impure_data
                0x00109010      0x200 /opt/devkitpro/devkitARM/lib/gcc/arm-none-eabi/15.2.0/../../../../arm-none-eabi/lib/armv6k/fpu/libg.a(libc_a-impure.o)
                0x00109010                _impure_data
 .data.__malloc_sbrk_base
                0x00109210        0x4 /opt/devkitpro/devkitARM/lib/gcc/arm-none-eabi/15.2.0/../../../../arm-none-eabi/lib/armv6k/fpu/libg.a(libc_a-mallocr.o)
                0x00109210                __malloc_sbrk_base
 .data.__malloc_trim_threshold
                0x00109214        0x4 /opt/devkitpro/devkitARM/lib/gcc/arm-none-eabi/15.2.0/../../../../arm-none-eabi/lib/armv6k/fpu/libg.a(libc_a-mallocr.o)
                0x00109214                __malloc_trim_threshold
 .data.__malloc_av_
                0x00109218      0x408 /opt/devkitpro/devkitARM/lib/gcc/arm-none-eabi/15.2.0/../../../../arm-none-eabi/lib/armv6k/fpu/libg.a(libc_a-mallocr.o)
                0x00109218                __malloc_av_
 .data._current_working_directory
                0x00109620      0x400 /opt/devkitpro/devkitARM/lib/gcc/arm-none-eabi/15.2.0/../../../../arm-none-eabi/lib/armv6k/fpu/libsysbase.a(libsysbase_libsysbase_a-chdir.o)
 .data.devoptab_list
                0x00109a20       0x8c /opt/devkitpro/devkitARM/lib/gcc/arm-none-eabi/15.2.0/../../../../arm-none-eabi/lib/armv6k/fpu/libsysbase.a(libsysbase_libsysbase_a-iosupport.o)
                0x00109a20                devoptab_list
 .data.defaultDevice
                0x00109aac        0x4 /opt/devkitpro/devkitARM/lib/gcc/arm-none-eabi/15.2.0/../../../../arm-none-eabi/lib/armv6k/fpu/libsysbase.a(libsysbase_libsysbase_a-iosupport.o)
 *(.gnu.linkonce.d*)
                0x00109ab0                        . = ALIGN (0x4)

.igot.plt       0x00109ab0        0x0
 .igot.plt      0x00109ab0        0x0 /opt/devkitpro/devkitARM/lib/gcc/arm-none-eabi/15.2.0/../../../../arm-none-eabi/lib/armv6k/fpu/3dsx_crt0.o

.got            0x00109ab0        0x8
 .got           0x00109ab0        0x8 /opt/devkitpro/devkitARM/lib/gcc/arm-none-eabi/15.2.0/../../../../arm-none-eabi/lib/armv6k/fpu/3dsx_crt0.o

.got.plt        0x00109ab8        0xc
 .got.plt       0x00109ab8        0xc /opt/devkitpro/devkitARM/lib/gcc/arm-none-eabi/15.2.0/../../../../arm-none-eabi/lib/armv6k/fpu/3dsx_crt0.o
                0x00109ab8                _GLOBAL_OFFSET_TABLE_

.tdata          0x00109ac4        0x0
                0x00109ac4                        __tdata_lma = .
 *(.tdata)
 *(.tdata.*)
 *(.gnu.linkonce.td.*)
                0x00109ac4                        . = ALIGN (0x4)
                0x00109ac4                        __tdata_lma_end = .

.tbss           0x00109ac4      0xc08
 *(.tbss)
 *(.tbss.*)
 .tbss.__ctru_dev_utf16_buf
                0x00109ac4      0x802 /opt/devkitpro/libctru/lib/libctru.a(path_buf.o)
                0x00109ac4                __ctru_dev_utf16_buf
 *fill*         0x0010a2c6        0x2 
 .tbss.__ctru_dev_path_buf
                0x0010a2c8      0x401 /opt/devkitpro/libctru/lib/libctru.a(path_buf.o)
                0x0010a2c8                __ctru_dev_path_buf
 *(.gnu.linkonce.tb.*)
 *(.tcommon)
                0x0010a6cc                        . = ALIGN (0x4)
 *fill*         0x0010a6c9        0x3 

.preinit_array  0x00109ac4        0x0
                0x00109ac4                        PROVIDE (__preinit_array_start = .)
 *(.preinit_array)
                0x00109ac4                        PROVIDE (__preinit_array_end = .)

.init_array     0x00109ac4        0x4
                0x00109ac4                        PROVIDE (__init_array_start = .)
 *(SORT_BY_NAME(.init_array.*))
 *(.init_array)
 .init_array    0x00109ac4        0x4 /opt/devkitpro/devkitARM/lib/gcc/arm-none-eabi/15.2.0/armv6k/fpu/crtbegin.o
                0x00109ac8                        PROVIDE (__init_array_end = .)

.fini_array     0x00109ac8        0x4
                0x00109ac8                        PROVIDE (__fini_array_start = .)
 *(.fini_array)
 .fini_array    0x00109ac8        0x4 /opt/devkitpro/devkitARM/lib/gcc/arm-none-eabi/15.2.0/armv6k/fpu/crtbegin.o
 *(SORT_BY_NAME(.fini_array.*))
                0x00109acc                        PROVIDE (__fini_array_end = .)

.ctors
 *crtbegin.o(.ctors)
 *(EXCLUDE_FILE(*crtend.o) .ctors)
 *(SORT_BY_NAME(.ctors.*))
 *(.ctors)

.dtors
 *crtbegin.o(.dtors)
 *(EXCLUDE_FILE(*crtend.o) .dtors)
 *(SORT_BY_NAME(.dtors.*))
 *(.dtors)
                0x00109acc                        __bss_start__ = .

.bss            0x00109acc     0x2c50
 *(.dynbss)
 *(.bss)
 *(.bss.*)
 .bss.completed.1
                0x00109acc        0x1 /opt/devkitpro/devkitARM/lib/gcc/arm-none-eabi/15.2.0/armv6k/fpu/crtbegin.o
 *fill*         0x00109acd        0x3 
 .bss.object.0  0x00109ad0       0x18 /opt/devkitpro/devkitARM/lib/gcc/arm-none-eabi/15.2.0/armv6k/fpu/crtbegin.o
 .bss.__system_argv
                0x00109ae8        0x4 /opt/devkitpro/libctru/lib/libctru.a(initArgv.o)
                0x00109ae8                __system_argv
 .bss.__system_argc
                0x00109aec        0x4 /opt/devkitpro/libctru/lib/libctru.a(initArgv.o)
                0x00109aec                __system_argc
 .bss.saved_stack.42
                0x00109af0        0x8 /opt/devkitpro/libctru/lib/libctru.a(stack_adjust.o)
 .bss.__3dslink_host
                0x00109af8        0x4 /opt/devkitpro/libctru/lib/libctru.a(3dslink.o)
                0x00109af8                __3dslink_host
 .bss.__system_retAddr
                0x00109afc        0x4 /opt/devkitpro/libctru/lib/libctru.a(ctru_init.o)
                0x00109afc                __system_retAddr
 .bss.archive_devices
                0x00109b00      0x5c0 /opt/devkitpro/libctru/lib/libctru.a(archive_dev.o)
 .bss.archive_device_cwd
                0x0010a0c0        0x4 /opt/devkitpro/libctru/lib/libctru.a(archive_dev.o)
 .bss.archive_initialized
                0x0010a0c4        0x1 /opt/devkitpro/libctru/lib/libctru.a(archive_dev.o)
 .bss.__ctru_speedup
                0x0010a0c5        0x1 /opt/devkitpro/libctru/lib/libctru.a(os.o)
                0x0010a0c5                __ctru_speedup
 *fill*         0x0010a0c6        0x2 
 .bss.srvRefCount
                0x0010a0c8        0x4 /opt/devkitpro/libctru/lib/libctru.a(srv.o)
 .bss.srvHandle
                0x0010a0cc        0x4 /opt/devkitpro/libctru/lib/libctru.a(srv.o)
 .bss.arbiter   0x0010a0d0        0x4 /opt/devkitpro/libctru/lib/libctru.a(synchronization.o)
 .bss.flagValue.0
                0x0010a0d4        0x1 /opt/devkitpro/libctru/lib/libctru.a(apt.o)
 .bss.flagInit.1
                0x0010a0d5        0x1 /opt/devkitpro/libctru/lib/libctru.a(apt.o)
 *fill*         0x0010a0d6        0x2 
 .bss.serviceName.6
                0x0010a0d8        0x4 /opt/devkitpro/libctru/lib/libctru.a(apt.o)
 .bss.aptChainloadFlags
                0x0010a0dc        0x1 /opt/devkitpro/libctru/lib/libctru.a(apt.o)
 .bss.aptChainloadMediatype
                0x0010a0dd        0x1 /opt/devkitpro/libctru/lib/libctru.a(apt.o)
 *fill*         0x0010a0de        0x2 
 .bss.aptChainloadHmac
                0x0010a0e0       0x20 /opt/devkitpro/libctru/lib/libctru.a(apt.o)
 .bss.aptChainloadDeliverArg
                0x0010a100      0x300 /opt/devkitpro/libctru/lib/libctru.a(apt.o)
 .bss.aptChainloadTid
                0x0010a400        0x8 /opt/devkitpro/libctru/lib/libctru.a(apt.o)
 .bss.aptParameters
                0x0010a408     0x1000 /opt/devkitpro/libctru/lib/libctru.a(apt.o)
 .bss.aptFlags  0x0010b408        0x4 /opt/devkitpro/libctru/lib/libctru.a(apt.o)
 .bss.aptHomeButtonState
                0x0010b40c        0x1 /opt/devkitpro/libctru/lib/libctru.a(apt.o)
 *fill*         0x0010b40d        0x3 
 .bss.aptMessageFuncData
                0x0010b410        0x4 /opt/devkitpro/libctru/lib/libctru.a(apt.o)
 .bss.aptMessageFunc
                0x0010b414        0x4 /opt/devkitpro/libctru/lib/libctru.a(apt.o)
 .bss.aptFirstHook
                0x0010b418        0xc /opt/devkitpro/libctru/lib/libctru.a(apt.o)
 .bss.aptEventHandlerThreadQuit
                0x0010b424        0x1 /opt/devkitpro/libctru/lib/libctru.a(apt.o)
 *fill*         0x0010b425        0x3 
 .bss.aptEventHandlerThread
                0x0010b428        0x4 /opt/devkitpro/libctru/lib/libctru.a(apt.o)
 .bss.aptSleepEvent
                0x0010b42c        0x8 /opt/devkitpro/libctru/lib/libctru.a(apt.o)
 .bss.aptReceiveEvent
                0x0010b434        0x8 /opt/devkitpro/libctru/lib/libctru.a(apt.o)
 .bss.aptEvents
                0x0010b43c        0x8 /opt/devkitpro/libctru/lib/libctru.a(apt.o)
 .bss.aptLockHandle
                0x0010b444        0x4 /opt/devkitpro/libctru/lib/libctru.a(apt.o)
 .bss.aptRefCount
                0x0010b448        0x4 /opt/devkitpro/libctru/lib/libctru.a(apt.o)
 *fill*         0x0010b44c        0x4 
 .bss.fsExemptArchives
                0x0010b450       0x80 /opt/devkitpro/libctru/lib/libctru.a(fs.o)
 .bss.fsuRefCount
                0x0010b4d0        0x4 /opt/devkitpro/libctru/lib/libctru.a(fs.o)
 .bss.fsuHandle
                0x0010b4d4        0x4 /opt/devkitpro/libctru/lib/libctru.a(fs.o)
 .bss.gspGpuRight
                0x0010b4d8        0x1 /opt/devkitpro/libctru/lib/libctru.a(gspgpu.o)
 *fill*         0x0010b4d9        0x3 
 .bss.gspGpuHandle
                0x0010b4dc        0x4 /opt/devkitpro/libctru/lib/libctru.a(gspgpu.o)
 .bss.usingIrrst
                0x0010b4e0        0x1 /opt/devkitpro/libctru/lib/libctru.a(hid.o)
 *fill*         0x0010b4e1        0x3 
 .bss.hidRefCount
                0x0010b4e4        0x4 /opt/devkitpro/libctru/lib/libctru.a(hid.o)
 .bss.kUp       0x0010b4e8        0x4 /opt/devkitpro/libctru/lib/libctru.a(hid.o)
 .bss.kDown     0x0010b4ec        0x4 /opt/devkitpro/libctru/lib/libctru.a(hid.o)
 .bss.kHeld     0x0010b4f0        0x4 /opt/devkitpro/libctru/lib/libctru.a(hid.o)
 .bss.kOld      0x0010b4f4        0x4 /opt/devkitpro/libctru/lib/libctru.a(hid.o)
 .bss.hidSharedMem
                0x0010b4f8        0x4 /opt/devkitpro/libctru/lib/libctru.a(hid.o)
                0x0010b4f8                hidSharedMem
 .bss.hidEvents
                0x0010b4fc       0x14 /opt/devkitpro/libctru/lib/libctru.a(hid.o)
                0x0010b4fc                hidEvents
 .bss.hidMemHandle
                0x0010b510        0x4 /opt/devkitpro/libctru/lib/libctru.a(hid.o)
                0x0010b510                hidMemHandle
 .bss.hidHandle
                0x0010b514        0x4 /opt/devkitpro/libctru/lib/libctru.a(hid.o)
                0x0010b514                hidHandle
 .bss.irrstRefCount
                0x0010b518        0x4 /opt/devkitpro/libctru/lib/libctru.a(irrst.o)
 .bss.kHeld     0x0010b51c        0x4 /opt/devkitpro/libctru/lib/libctru.a(irrst.o)
 .bss.irrstSharedMem
                0x0010b520        0x4 /opt/devkitpro/libctru/lib/libctru.a(irrst.o)
                0x0010b520                irrstSharedMem
 .bss.irrstEvent
                0x0010b524        0x4 /opt/devkitpro/libctru/lib/libctru.a(irrst.o)
                0x0010b524                irrstEvent
 .bss.irrstMemHandle
                0x0010b528        0x4 /opt/devkitpro/libctru/lib/libctru.a(irrst.o)
                0x0010b528                irrstMemHandle
 .bss.irrstHandle
                0x0010b52c        0x4 /opt/devkitpro/libctru/lib/libctru.a(irrst.o)
                0x0010b52c                irrstHandle
 .bss.ptmSysmRefCount
                0x0010b530        0x4 /opt/devkitpro/libctru/lib/libctru.a(ptmsysm.o)
 .bss.ptmSysmHandle
                0x0010b534        0x4 /opt/devkitpro/libctru/lib/libctru.a(ptmsysm.o)
 .bss.srvPmHandle
                0x0010b538        0x4 /opt/devkitpro/libctru/lib/libctru.a(srvpm.o)
 .bss.__ctru_linear_heap_size
                0x0010b53c        0x4 /opt/devkitpro/libctru/lib/libctru.a(allocateHeaps.o)
                0x0010b53c                __ctru_linear_heap_size
 .bss.__ctru_heap_size
                0x0010b540        0x4 /opt/devkitpro/libctru/lib/libctru.a(allocateHeaps.o)
                0x0010b540                __ctru_heap_size
 .bss.__ctru_linear_heap
                0x0010b544        0x4 /opt/devkitpro/libctru/lib/libctru.a(allocateHeaps.o)
                0x0010b544                __ctru_linear_heap
 .bss.__ctru_heap
                0x0010b548        0x4 /opt/devkitpro/libctru/lib/libctru.a(allocateHeaps.o)
                0x0010b548                __ctru_heap
 .bss.currentAddr
                0x0010b54c        0x4 /opt/devkitpro/libctru/lib/libctru.a(mappable.o)
 .bss.maxAddr   0x0010b550        0x4 /opt/devkitpro/libctru/lib/libctru.a(mappable.o)
 .bss.minAddr   0x0010b554        0x4 /opt/devkitpro/libctru/lib/libctru.a(mappable.o)
 .bss.__malloc_current_mallinfo
                0x0010b558       0x28 /opt/devkitpro/devkitARM/lib/gcc/arm-none-eabi/15.2.0/../../../../arm-none-eabi/lib/armv6k/fpu/libg.a(libc_a-mallocr.o)
                0x0010b558                __malloc_current_mallinfo
 .bss.__malloc_max_total_mem
                0x0010b580        0x4 /opt/devkitpro/devkitARM/lib/gcc/arm-none-eabi/15.2.0/../../../../arm-none-eabi/lib/armv6k/fpu/libg.a(libc_a-mallocr.o)
                0x0010b580                __malloc_max_total_mem
 .bss.__malloc_max_sbrked_mem
                0x0010b584        0x4 /opt/devkitpro/devkitARM/lib/gcc/arm-none-eabi/15.2.0/../../../../arm-none-eabi/lib/armv6k/fpu/libg.a(libc_a-mallocr.o)
                0x0010b584                __malloc_max_sbrked_mem
 .bss.__malloc_top_pad
                0x0010b588        0x4 /opt/devkitpro/devkitARM/lib/gcc/arm-none-eabi/15.2.0/../../../../arm-none-eabi/lib/armv6k/fpu/libg.a(libc_a-mallocr.o)
                0x0010b588                __malloc_top_pad
 *fill*         0x0010b58c        0x4 
 .bss.__sf      0x0010b590      0x168 /opt/devkitpro/devkitARM/lib/gcc/arm-none-eabi/15.2.0/../../../../arm-none-eabi/lib/armv6k/fpu/libg.a(libc_a-findfp.o)
                0x0010b590                __sf
 .bss.__stdio_exit_handler
                0x0010b6f8        0x4 /opt/devkitpro/devkitARM/lib/gcc/arm-none-eabi/15.2.0/../../../../arm-none-eabi/lib/armv6k/fpu/libg.a(libc_a-findfp.o)
                0x0010b6f8                __stdio_exit_handler
 .bss.__malloc_recursive_mutex
                0x0010b6fc        0xc /opt/devkitpro/devkitARM/lib/gcc/arm-none-eabi/15.2.0/../../../../arm-none-eabi/lib/armv6k/fpu/libg.a(libc_a-mlock.o)
 .bss.temp_cwd  0x0010b708      0x400 /opt/devkitpro/devkitARM/lib/gcc/arm-none-eabi/15.2.0/../../../../arm-none-eabi/lib/armv6k/fpu/libsysbase.a(libsysbase_libsysbase_a-chdir.o)
 .bss.fake_heap_start
                0x0010bb08        0x4 /opt/devkitpro/devkitARM/lib/gcc/arm-none-eabi/15.2.0/../../../../arm-none-eabi/lib/armv6k/fpu/libsysbase.a(libsysbase_libsysbase_a-malloc_vars.o)
                0x0010bb08                fake_heap_start
 .bss.fake_heap_end
                0x0010bb0c        0x4 /opt/devkitpro/devkitARM/lib/gcc/arm-none-eabi/15.2.0/../../../../arm-none-eabi/lib/armv6k/fpu/libsysbase.a(libsysbase_libsysbase_a-malloc_vars.o)
                0x0010bb0c                fake_heap_end
 .bss.heap_start.0
                0x0010bb10        0x4 /opt/devkitpro/devkitARM/lib/gcc/arm-none-eabi/15.2.0/../../../../arm-none-eabi/lib/armv6k/fpu/libsysbase.a(libsysbase_libsysbase_a-sbrk.o)
 *(.gnu.linkonce.b*)
 *(COMMON)
                0x0010bb14                        . = (0x8 + ABSOLUTE (ALIGN (ABSOLUTE ((. - 0x8)), MAX (ALIGNOF (.tdata), ALIGNOF (.tbss)))))
                0x0010bb14                        __tls_start = .
                0x0010bb14                        . = (. + SIZEOF (.tdata))
                0x0010bb14                        . = ALIGN (ALIGNOF (.tbss))
                0x0010c71c                        . = (. + SIZEOF (.tbss))
 *fill*         0x0010bb14      0xc08 
                0x0010c71c                        __tls_end = .
                0x0010c71c                        __bss_end__ = .
                0x0010c71c                        __end__ = ABSOLUTE (.)

/DISCARD/
 *(.group .comment .note)

.stab
 *(.stab)

.stabstr
 *(.stabstr)

.stab.excl
 *(.stab.excl)

.stab.exclstr
 *(.stab.exclstr)

.stab.index
 *(.stab.index)

.stab.indexstr
 *(.stab.indexstr)

.debug
 *(.debug)

.line
 *(.line)

.debug_srcinfo
 *(.debug_srcinfo)

.debug_sfnames
 *(.debug_sfnames)

.debug_aranges  0x00000000     0x13b0
 *(.debug_aranges)
 .debug_aranges
                0x00000000       0x20 /opt/devkitpro/libctru/lib/libctru.a(initArgv.o)
 .debug_aranges
                0x00000020       0x28 /opt/devkitpro/libctru/lib/libctru.a(stack_adjust.o)
 .debug_aranges
                0x00000048       0x20 /opt/devkitpro/libctru/lib/libctru.a(3dslink.o)
 .debug_aranges
                0x00000068       0x20 /opt/devkitpro/libctru/lib/libctru.a(appExit.o)
 .debug_aranges
                0x00000088       0x20 /opt/devkitpro/libctru/lib/libctru.a(appInit.o)
 .debug_aranges
                0x000000a8       0x20 /opt/devkitpro/libctru/lib/libctru.a(ctru_exit.o)
 .debug_aranges
                0x000000c8       0x20 /opt/devkitpro/libctru/lib/libctru.a(ctru_init.o)
 .debug_aranges
                0x000000e8       0xe0 /opt/devkitpro/libctru/lib/libctru.a(syscalls.o)
 .debug_aranges
                0x000001c8      0x330 /opt/devkitpro/libctru/lib/libctru.a(svc.o)
 .debug_aranges
                0x000004f8      0x118 /opt/devkitpro/libctru/lib/libctru.a(archive_dev.o)
 .debug_aranges
                0x00000610       0x28 /opt/devkitpro/libctru/lib/libctru.a(env.o)
 .debug_aranges
                0x00000638       0x58 /opt/devkitpro/libctru/lib/libctru.a(os.o)
 .debug_aranges
                0x00000690       0x18 /opt/devkitpro/libctru/lib/libctru.a(path_buf.o)
 .debug_aranges
                0x000006a8       0xc0 /opt/devkitpro/libctru/lib/libctru.a(srv.o)
 .debug_aranges
                0x00000768       0xf0 /opt/devkitpro/libctru/lib/libctru.a(synchronization.o)
 .debug_aranges
                0x00000858       0x60 /opt/devkitpro/libctru/lib/libctru.a(thread.o)
 .debug_aranges
                0x000008b8      0x270 /opt/devkitpro/libctru/lib/libctru.a(apt.o)
 .debug_aranges
                0x00000b28      0x3b8 /opt/devkitpro/libctru/lib/libctru.a(fs.o)
 .debug_aranges
                0x00000ee0      0x118 /opt/devkitpro/libctru/lib/libctru.a(gspgpu.o)
 .debug_aranges
                0x00000ff8       0xd0 /opt/devkitpro/libctru/lib/libctru.a(hid.o)
 .debug_aranges
                0x000010c8       0x68 /opt/devkitpro/libctru/lib/libctru.a(irrst.o)
 .debug_aranges
                0x00001130       0xb8 /opt/devkitpro/libctru/lib/libctru.a(ptmsysm.o)
 .debug_aranges
                0x000011e8       0x50 /opt/devkitpro/libctru/lib/libctru.a(srvpm.o)
 .debug_aranges
                0x00001238       0x20 /opt/devkitpro/libctru/lib/libctru.a(decode_utf8.o)
 .debug_aranges
                0x00001258       0x20 /opt/devkitpro/libctru/lib/libctru.a(utf16_to_utf8.o)
 .debug_aranges
                0x00001278       0x20 /opt/devkitpro/libctru/lib/libctru.a(utf8_to_utf16.o)
 .debug_aranges
                0x00001298       0x20 /opt/devkitpro/libctru/lib/libctru.a(allocateHeaps.o)
 .debug_aranges
                0x000012b8       0x20 /opt/devkitpro/libctru/lib/libctru.a(readtp.o)
 .debug_aranges
                0x000012d8       0x38 /opt/devkitpro/libctru/lib/libctru.a(mappable.o)
 .debug_aranges
                0x00001310       0x20 /opt/devkitpro/libctru/lib/libctru.a(decode_utf16.o)
 .debug_aranges
                0x00001330       0x20 /opt/devkitpro/libctru/lib/libctru.a(encode_utf16.o)
 .debug_aranges
                0x00001350       0x20 /opt/devkitpro/libctru/lib/libctru.a(encode_utf8.o)
 .debug_aranges
                0x00001370       0x20 /opt/devkitpro/devkitARM/lib/gcc/arm-none-eabi/15.2.0/armv6k/fpu/libgcc.a(_dvmd_tls.o)
 .debug_aranges
                0x00001390       0x20 /opt/devkitpro/devkitARM/lib/gcc/arm-none-eabi/15.2.0/armv6k/fpu/libgcc.a(_udivsi3.o)

.debug_pubnames
 *(.debug_pubnames)

.debug_info     0x00000000    0x244e3
 *(.debug_info)
 .debug_info    0x00000000      0x2bf /opt/devkitpro/libctru/lib/libctru.a(initArgv.o)
 .debug_info    0x000002bf       0x23 /opt/devkitpro/libctru/lib/libctru.a(stack_adjust.o)
 .debug_info    0x000002e2      0xa7e /opt/devkitpro/libctru/lib/libctru.a(3dslink.o)
 .debug_info    0x00000d60      0x142 /opt/devkitpro/libctru/lib/libctru.a(appExit.o)
 .debug_info    0x00000ea2      0x14d /opt/devkitpro/libctru/lib/libctru.a(appInit.o)
 .debug_info    0x00000fef      0x2bc /opt/devkitpro/libctru/lib/libctru.a(ctru_exit.o)
 .debug_info    0x000012ab      0x18a /opt/devkitpro/libctru/lib/libctru.a(ctru_init.o)
 .debug_info    0x00001435     0x1765 /opt/devkitpro/libctru/lib/libctru.a(syscalls.o)
 .debug_info    0x00002b9a       0x23 /opt/devkitpro/libctru/lib/libctru.a(svc.o)
 .debug_info    0x00002bbd     0x415b /opt/devkitpro/libctru/lib/libctru.a(archive_dev.o)
 .debug_info    0x00006d18      0x2ae /opt/devkitpro/libctru/lib/libctru.a(env.o)
 .debug_info    0x00006fc6      0x6d1 /opt/devkitpro/libctru/lib/libctru.a(os.o)
 .debug_info    0x00007697       0xdc /opt/devkitpro/libctru/lib/libctru.a(path_buf.o)
 .debug_info    0x00007773     0x1a2d /opt/devkitpro/libctru/lib/libctru.a(srv.o)
 .debug_info    0x000091a0     0x26f9 /opt/devkitpro/libctru/lib/libctru.a(synchronization.o)
 .debug_info    0x0000b899     0x1174 /opt/devkitpro/libctru/lib/libctru.a(thread.o)
 .debug_info    0x0000ca0d     0x5688 /opt/devkitpro/libctru/lib/libctru.a(apt.o)
 .debug_info    0x00012095     0x8554 /opt/devkitpro/libctru/lib/libctru.a(fs.o)
 .debug_info    0x0001a5e9     0x5927 /opt/devkitpro/libctru/lib/libctru.a(gspgpu.o)
 .debug_info    0x0001ff10     0x1367 /opt/devkitpro/libctru/lib/libctru.a(hid.o)
 .debug_info    0x00021277      0xac8 /opt/devkitpro/libctru/lib/libctru.a(irrst.o)
 .debug_info    0x00021d3f      0xd6e /opt/devkitpro/libctru/lib/libctru.a(ptmsysm.o)
 .debug_info    0x00022aad      0x832 /opt/devkitpro/libctru/lib/libctru.a(srvpm.o)
 .debug_info    0x000232df      0x15d /opt/devkitpro/libctru/lib/libctru.a(decode_utf8.o)
 .debug_info    0x0002343c      0x20a /opt/devkitpro/libctru/lib/libctru.a(utf16_to_utf8.o)
 .debug_info    0x00023646      0x20a /opt/devkitpro/libctru/lib/libctru.a(utf8_to_utf16.o)
 .debug_info    0x00023850      0x52e /opt/devkitpro/libctru/lib/libctru.a(allocateHeaps.o)
 .debug_info    0x00023d7e       0x24 /opt/devkitpro/libctru/lib/libctru.a(readtp.o)
 .debug_info    0x00023da2      0x372 /opt/devkitpro/libctru/lib/libctru.a(mappable.o)
 .debug_info    0x00024114      0x139 /opt/devkitpro/libctru/lib/libctru.a(decode_utf16.o)
 .debug_info    0x0002424d      0x10e /opt/devkitpro/libctru/lib/libctru.a(encode_utf16.o)
 .debug_info    0x0002435b      0x10e /opt/devkitpro/libctru/lib/libctru.a(encode_utf8.o)
 .debug_info    0x00024469       0x3c /opt/devkitpro/devkitARM/lib/gcc/arm-none-eabi/15.2.0/armv6k/fpu/libgcc.a(_dvmd_tls.o)
 .debug_info    0x000244a5       0x3e /opt/devkitpro/devkitARM/lib/gcc/arm-none-eabi/15.2.0/armv6k/fpu/libgcc.a(_udivsi3.o)

.debug_abbrev   0x00000000     0x509b
 *(.debug_abbrev)
 .debug_abbrev  0x00000000      0x197 /opt/devkitpro/libctru/lib/libctru.a(initArgv.o)
 .debug_abbrev  0x00000197       0x12 /opt/devkitpro/libctru/lib/libctru.a(stack_adjust.o)
 .debug_abbrev  0x000001a9      0x25f /opt/devkitpro/libctru/lib/libctru.a(3dslink.o)
 .debug_abbrev  0x00000408       0xa4 /opt/devkitpro/libctru/lib/libctru.a(appExit.o)
 .debug_abbrev  0x000004ac       0x99 /opt/devkitpro/libctru/lib/libctru.a(appInit.o)
 .debug_abbrev  0x00000545      0x160 /opt/devkitpro/libctru/lib/libctru.a(ctru_exit.o)
 .debug_abbrev  0x000006a5      0x12f /opt/devkitpro/libctru/lib/libctru.a(ctru_init.o)
 .debug_abbrev  0x000007d4      0x4e0 /opt/devkitpro/libctru/lib/libctru.a(syscalls.o)
 .debug_abbrev  0x00000cb4       0x12 /opt/devkitpro/libctru/lib/libctru.a(svc.o)
 .debug_abbrev  0x00000cc6      0x63b /opt/devkitpro/libctru/lib/libctru.a(archive_dev.o)
 .debug_abbrev  0x00001301      0x1c5 /opt/devkitpro/libctru/lib/libctru.a(env.o)
 .debug_abbrev  0x000014c6      0x2b8 /opt/devkitpro/libctru/lib/libctru.a(os.o)
 .debug_abbrev  0x0000177e       0x75 /opt/devkitpro/libctru/lib/libctru.a(path_buf.o)
 .debug_abbrev  0x000017f3      0x521 /opt/devkitpro/libctru/lib/libctru.a(srv.o)
 .debug_abbrev  0x00001d14      0x4fa /opt/devkitpro/libctru/lib/libctru.a(synchronization.o)
 .debug_abbrev  0x0000220e      0x47a /opt/devkitpro/libctru/lib/libctru.a(thread.o)
 .debug_abbrev  0x00002688      0x765 /opt/devkitpro/libctru/lib/libctru.a(apt.o)
 .debug_abbrev  0x00002ded      0x621 /opt/devkitpro/libctru/lib/libctru.a(fs.o)
 .debug_abbrev  0x0000340e      0x61f /opt/devkitpro/libctru/lib/libctru.a(gspgpu.o)
 .debug_abbrev  0x00003a2d      0x527 /opt/devkitpro/libctru/lib/libctru.a(hid.o)
 .debug_abbrev  0x00003f54      0x393 /opt/devkitpro/libctru/lib/libctru.a(irrst.o)
 .debug_abbrev  0x000042e7      0x2b0 /opt/devkitpro/libctru/lib/libctru.a(ptmsysm.o)
 .debug_abbrev  0x00004597      0x2f6 /opt/devkitpro/libctru/lib/libctru.a(srvpm.o)
 .debug_abbrev  0x0000488d       0x99 /opt/devkitpro/libctru/lib/libctru.a(decode_utf8.o)
 .debug_abbrev  0x00004926      0x10a /opt/devkitpro/libctru/lib/libctru.a(utf16_to_utf8.o)
 .debug_abbrev  0x00004a30      0x10a /opt/devkitpro/libctru/lib/libctru.a(utf8_to_utf16.o)
 .debug_abbrev  0x00004b3a      0x199 /opt/devkitpro/libctru/lib/libctru.a(allocateHeaps.o)
 .debug_abbrev  0x00004cd3       0x14 /opt/devkitpro/libctru/lib/libctru.a(readtp.o)
 .debug_abbrev  0x00004ce7      0x1d9 /opt/devkitpro/libctru/lib/libctru.a(mappable.o)
 .debug_abbrev  0x00004ec0       0x99 /opt/devkitpro/libctru/lib/libctru.a(decode_utf16.o)
 .debug_abbrev  0x00004f59       0x7a /opt/devkitpro/libctru/lib/libctru.a(encode_utf16.o)
 .debug_abbrev  0x00004fd3       0x7a /opt/devkitpro/libctru/lib/libctru.a(encode_utf8.o)
 .debug_abbrev  0x0000504d       0x26 /opt/devkitpro/devkitARM/lib/gcc/arm-none-eabi/15.2.0/armv6k/fpu/libgcc.a(_dvmd_tls.o)
 .debug_abbrev  0x00005073       0x28 /opt/devkitpro/devkitARM/lib/gcc/arm-none-eabi/15.2.0/armv6k/fpu/libgcc.a(_udivsi3.o)

.debug_line     0x00000000    0x193c3
 *(.debug_line)
 .debug_line    0x00000000      0x436 /opt/devkitpro/libctru/lib/libctru.a(initArgv.o)
 .debug_line    0x00000436       0x6f /opt/devkitpro/libctru/lib/libctru.a(stack_adjust.o)
 .debug_line    0x000004a5      0x43d /opt/devkitpro/libctru/lib/libctru.a(3dslink.o)
 .debug_line    0x000008e2      0x246 /opt/devkitpro/libctru/lib/libctru.a(appExit.o)
 .debug_line    0x00000b28      0x243 /opt/devkitpro/libctru/lib/libctru.a(appInit.o)
 .debug_line    0x00000d6b      0x1c9 /opt/devkitpro/libctru/lib/libctru.a(ctru_exit.o)
 .debug_line    0x00000f34      0x1d4 /opt/devkitpro/libctru/lib/libctru.a(ctru_init.o)
 .debug_line    0x00001108      0x99d /opt/devkitpro/libctru/lib/libctru.a(syscalls.o)
 .debug_line    0x00001aa5      0x78f /opt/devkitpro/libctru/lib/libctru.a(svc.o)
 .debug_line    0x00002234     0x1d75 /opt/devkitpro/libctru/lib/libctru.a(archive_dev.o)
 .debug_line    0x00003fa9      0x282 /opt/devkitpro/libctru/lib/libctru.a(env.o)
 .debug_line    0x0000422b      0x49b /opt/devkitpro/libctru/lib/libctru.a(os.o)
 .debug_line    0x000046c6      0x11c /opt/devkitpro/libctru/lib/libctru.a(path_buf.o)
 .debug_line    0x000047e2     0x1026 /opt/devkitpro/libctru/lib/libctru.a(srv.o)
 .debug_line    0x00005808     0x180a /opt/devkitpro/libctru/lib/libctru.a(synchronization.o)
 .debug_line    0x00007012      0x693 /opt/devkitpro/libctru/lib/libctru.a(thread.o)
 .debug_line    0x000076a5     0x39e6 /opt/devkitpro/libctru/lib/libctru.a(apt.o)
 .debug_line    0x0000b08b     0x6d10 /opt/devkitpro/libctru/lib/libctru.a(fs.o)
 .debug_line    0x00011d9b     0x3678 /opt/devkitpro/libctru/lib/libctru.a(gspgpu.o)
 .debug_line    0x00015413      0xf87 /opt/devkitpro/libctru/lib/libctru.a(hid.o)
 .debug_line    0x0001639a      0x91c /opt/devkitpro/libctru/lib/libctru.a(irrst.o)
 .debug_line    0x00016cb6      0xbda /opt/devkitpro/libctru/lib/libctru.a(ptmsysm.o)
 .debug_line    0x00017890      0x6bc /opt/devkitpro/libctru/lib/libctru.a(srvpm.o)
 .debug_line    0x00017f4c      0x26a /opt/devkitpro/libctru/lib/libctru.a(decode_utf8.o)
 .debug_line    0x000181b6      0x2da /opt/devkitpro/libctru/lib/libctru.a(utf16_to_utf8.o)
 .debug_line    0x00018490      0x2ab /opt/devkitpro/libctru/lib/libctru.a(utf8_to_utf16.o)
 .debug_line    0x0001873b      0x35c /opt/devkitpro/libctru/lib/libctru.a(allocateHeaps.o)
 .debug_line    0x00018a97       0x49 /opt/devkitpro/libctru/lib/libctru.a(readtp.o)
 .debug_line    0x00018ae0      0x2f2 /opt/devkitpro/libctru/lib/libctru.a(mappable.o)
 .debug_line    0x00018dd2      0x190 /opt/devkitpro/libctru/lib/libctru.a(decode_utf16.o)
 .debug_line    0x00018f62      0x18f /opt/devkitpro/libctru/lib/libctru.a(encode_utf16.o)
 .debug_line    0x000190f1      0x221 /opt/devkitpro/libctru/lib/libctru.a(encode_utf8.o)
 .debug_line    0x00019312       0x4a /opt/devkitpro/devkitARM/lib/gcc/arm-none-eabi/15.2.0/armv6k/fpu/libgcc.a(_dvmd_tls.o)
 .debug_line    0x0001935c       0x67 /opt/devkitpro/devkitARM/lib/gcc/arm-none-eabi/15.2.0/armv6k/fpu/libgcc.a(_udivsi3.o)

.debug_frame    0x00000000     0x381c
 *(.debug_frame)
 .debug_frame   0x00000000       0x3c /opt/devkitpro/libctru/lib/libctru.a(initArgv.o)
 .debug_frame   0x0000003c       0x30 /opt/devkitpro/libctru/lib/libctru.a(stack_adjust.o)
 .debug_frame   0x0000006c       0x34 /opt/devkitpro/libctru/lib/libctru.a(3dslink.o)
 .debug_frame   0x000000a0       0x2c /opt/devkitpro/libctru/lib/libctru.a(appExit.o)
 .debug_frame   0x000000cc       0x28 /opt/devkitpro/libctru/lib/libctru.a(appInit.o)
 .debug_frame   0x000000f4       0x28 /opt/devkitpro/libctru/lib/libctru.a(ctru_exit.o)
 .debug_frame   0x0000011c       0x2c /opt/devkitpro/libctru/lib/libctru.a(ctru_init.o)
 .debug_frame   0x00000148      0x228 /opt/devkitpro/libctru/lib/libctru.a(syscalls.o)
 .debug_frame   0x00000370      0x640 /opt/devkitpro/libctru/lib/libctru.a(svc.o)
 .debug_frame   0x000009b0      0x500 /opt/devkitpro/libctru/lib/libctru.a(archive_dev.o)
 .debug_frame   0x00000eb0       0x4c /opt/devkitpro/libctru/lib/libctru.a(env.o)
 .debug_frame   0x00000efc       0xd0 /opt/devkitpro/libctru/lib/libctru.a(os.o)
 .debug_frame   0x00000fcc      0x26c /opt/devkitpro/libctru/lib/libctru.a(srv.o)
 .debug_frame   0x00001238      0x2d0 /opt/devkitpro/libctru/lib/libctru.a(synchronization.o)
 .debug_frame   0x00001508       0xf8 /opt/devkitpro/libctru/lib/libctru.a(thread.o)
 .debug_frame   0x00001600      0x910 /opt/devkitpro/libctru/lib/libctru.a(apt.o)
 .debug_frame   0x00001f10      0xd04 /opt/devkitpro/libctru/lib/libctru.a(fs.o)
 .debug_frame   0x00002c14      0x378 /opt/devkitpro/libctru/lib/libctru.a(gspgpu.o)
 .debug_frame   0x00002f8c      0x264 /opt/devkitpro/libctru/lib/libctru.a(hid.o)
 .debug_frame   0x000031f0      0x110 /opt/devkitpro/libctru/lib/libctru.a(irrst.o)
 .debug_frame   0x00003300      0x1fc /opt/devkitpro/libctru/lib/libctru.a(ptmsysm.o)
 .debug_frame   0x000034fc       0xc4 /opt/devkitpro/libctru/lib/libctru.a(srvpm.o)
 .debug_frame   0x000035c0       0x30 /opt/devkitpro/libctru/lib/libctru.a(decode_utf8.o)
 .debug_frame   0x000035f0       0x40 /opt/devkitpro/libctru/lib/libctru.a(utf16_to_utf8.o)
 .debug_frame   0x00003630       0x40 /opt/devkitpro/libctru/lib/libctru.a(utf8_to_utf16.o)
 .debug_frame   0x00003670       0x34 /opt/devkitpro/libctru/lib/libctru.a(allocateHeaps.o)
 .debug_frame   0x000036a4       0x20 /opt/devkitpro/libctru/lib/libctru.a(readtp.o)
 .debug_frame   0x000036c4       0x70 /opt/devkitpro/libctru/lib/libctru.a(mappable.o)
 .debug_frame   0x00003734       0x20 /opt/devkitpro/libctru/lib/libctru.a(decode_utf16.o)
 .debug_frame   0x00003754       0x20 /opt/devkitpro/libctru/lib/libctru.a(encode_utf16.o)
 .debug_frame   0x00003774       0x20 /opt/devkitpro/libctru/lib/libctru.a(encode_utf8.o)
 .debug_frame   0x00003794       0x68 /opt/devkitpro/devkitARM/lib/gcc/arm-none-eabi/15.2.0/../../../../arm-none-eabi/lib/armv6k/fpu/libg.a(libc_a-strcmp.o)
 .debug_frame   0x000037fc       0x20 /opt/devkitpro/devkitARM/lib/gcc/arm-none-eabi/15.2.0/armv6k/fpu/libgcc.a(_udivsi3.o)

.debug_str      0x00000000     0x6d99
 *(.debug_str)
 .debug_str     0x00000000     0x6d99 /opt/devkitpro/libctru/lib/libctru.a(initArgv.o)
                                0x2f6 (size before relaxing)
 .debug_str     0x00006d99        0x0 /opt/devkitpro/libctru/lib/libctru.a(stack_adjust.o)
                                 0xd5 (size before relaxing)
 .debug_str     0x00006d99        0x0 /opt/devkitpro/libctru/lib/libctru.a(3dslink.o)
                                0x6ac (size before relaxing)
 .debug_str     0x00006d99        0x0 /opt/devkitpro/libctru/lib/libctru.a(appExit.o)
                                0x269 (size before relaxing)
 .debug_str     0x00006d99        0x0 /opt/devkitpro/libctru/lib/libctru.a(appInit.o)
                                0x268 (size before relaxing)
 .debug_str     0x00006d99        0x0 /opt/devkitpro/libctru/lib/libctru.a(ctru_exit.o)
                                0x40a (size before relaxing)
 .debug_str     0x00006d99        0x0 /opt/devkitpro/libctru/lib/libctru.a(ctru_init.o)
                                0x2b3 (size before relaxing)
 .debug_str     0x00006d99        0x0 /opt/devkitpro/libctru/lib/libctru.a(syscalls.o)
                                0xc99 (size before relaxing)
 .debug_str     0x00006d99        0x0 /opt/devkitpro/libctru/lib/libctru.a(svc.o)
                                 0xc5 (size before relaxing)
 .debug_str     0x00006d99        0x0 /opt/devkitpro/libctru/lib/libctru.a(archive_dev.o)
                               0x1628 (size before relaxing)
 .debug_str     0x00006d99        0x0 /opt/devkitpro/libctru/lib/libctru.a(env.o)
                                0x2a4 (size before relaxing)
 .debug_str     0x00006d99        0x0 /opt/devkitpro/libctru/lib/libctru.a(os.o)
                                0x598 (size before relaxing)
 .debug_str     0x00006d99        0x0 /opt/devkitpro/libctru/lib/libctru.a(path_buf.o)
                                0x22d (size before relaxing)
 .debug_str     0x00006d99        0x0 /opt/devkitpro/libctru/lib/libctru.a(srv.o)
                                0xaf5 (size before relaxing)
 .debug_str     0x00006d99        0x0 /opt/devkitpro/libctru/lib/libctru.a(synchronization.o)
                                0x983 (size before relaxing)
 .debug_str     0x00006d99        0x0 /opt/devkitpro/libctru/lib/libctru.a(thread.o)
                                0x8d6 (size before relaxing)
 .debug_str     0x00006d99        0x0 /opt/devkitpro/libctru/lib/libctru.a(apt.o)
                               0x1c36 (size before relaxing)
 .debug_str     0x00006d99        0x0 /opt/devkitpro/libctru/lib/libctru.a(fs.o)
                               0x1d31 (size before relaxing)
 .debug_str     0x00006d99        0x0 /opt/devkitpro/libctru/lib/libctru.a(gspgpu.o)
                                0xcf0 (size before relaxing)
 .debug_str     0x00006d99        0x0 /opt/devkitpro/libctru/lib/libctru.a(hid.o)
                                0x93c (size before relaxing)
 .debug_str     0x00006d99        0x0 /opt/devkitpro/libctru/lib/libctru.a(irrst.o)
                                0x595 (size before relaxing)
 .debug_str     0x00006d99        0x0 /opt/devkitpro/libctru/lib/libctru.a(ptmsysm.o)
                                0x691 (size before relaxing)
 .debug_str     0x00006d99        0x0 /opt/devkitpro/libctru/lib/libctru.a(srvpm.o)
                                0x580 (size before relaxing)
 .debug_str     0x00006d99        0x0 /opt/devkitpro/libctru/lib/libctru.a(decode_utf8.o)
                                0x257 (size before relaxing)
 .debug_str     0x00006d99        0x0 /opt/devkitpro/libctru/lib/libctru.a(utf16_to_utf8.o)
                                0x297 (size before relaxing)
 .debug_str     0x00006d99        0x0 /opt/devkitpro/libctru/lib/libctru.a(utf8_to_utf16.o)
                                0x297 (size before relaxing)
 .debug_str     0x00006d99        0x0 /opt/devkitpro/libctru/lib/libctru.a(allocateHeaps.o)
                                0x5f4 (size before relaxing)
 .debug_str     0x00006d99        0x0 /opt/devkitpro/libctru/lib/libctru.a(readtp.o)
                                 0xcf (size before relaxing)
 .debug_str     0x00006d99        0x0 /opt/devkitpro/libctru/lib/libctru.a(mappable.o)
                                0x3c2 (size before relaxing)
 .debug_str     0x00006d99        0x0 /opt/devkitpro/libctru/lib/libctru.a(decode_utf16.o)
                                0x24f (size before relaxing)
 .debug_str     0x00006d99        0x0 /opt/devkitpro/libctru/lib/libctru.a(encode_utf16.o)
                                0x243 (size before relaxing)
 .debug_str     0x00006d99        0x0 /opt/devkitpro/libctru/lib/libctru.a(encode_utf8.o)
                                0x23f (size before relaxing)
 .debug_str     0x00006d99        0x0 /opt/devkitpro/devkitARM/lib/gcc/arm-none-eabi/15.2.0/armv6k/fpu/libgcc.a(_dvmd_tls.o)
                                 0xfc (size before relaxing)
 .debug_str     0x00006d99        0x0 /opt/devkitpro/devkitARM/lib/gcc/arm-none-eabi/15.2.0/armv6k/fpu/libgcc.a(_udivsi3.o)
                                 0xfb (size before relaxing)

.debug_loc
 *(.debug_loc)

.debug_macinfo
 *(.debug_macinfo)
LOAD /opt/devkitpro/devkitARM/lib/gcc/arm-none-eabi/15.2.0/../../../../arm-none-eabi/lib/armv6k/fpu/3dsx_crt0.o
LOAD /opt/devkitpro/devkitARM/lib/gcc/arm-none-eabi/15.2.0/armv6k/fpu/crti.o
LOAD /opt/devkitpro/devkitARM/lib/gcc/arm-none-eabi/15.2.0/armv6k/fpu/crtbegin.o
LOAD /opt/devkitpro/portlibs/3ds/lib/libmpg123.a
LOAD /opt/devkitpro/libctru/lib/libcitro2d.a
LOAD /opt/devkitpro/libctru/lib/libcitro3d.a
LOAD /opt/devkitpro/portlibs/3ds/lib/libid3tag.a
LOAD /opt/devkitpro/portlibs/3ds/lib/libjpeg.a
LOAD /opt/devkitpro/portlibs/3ds/lib/libpng.a
LOAD /opt/devkitpro/portlibs/3ds/lib/libz.a
LOAD /opt/devkitpro/libctru/lib/libctru.a
LOAD /opt/devkitpro/devkitARM/lib/gcc/arm-none-eabi/15.2.0/../../../../arm-none-eabi/lib/armv6k/fpu/libm.a
START GROUP
LOAD /opt/devkitpro/devkitARM/lib/gcc/arm-none-eabi/15.2.0/armv6k/fpu/libgcc.a
LOAD /opt/devkitpro/devkitARM/lib/gcc/arm-none-eabi/15.2.0/../../../../arm-none-eabi/lib/armv6k/fpu/libg.a
LOAD /opt/devkitpro/devkitARM/lib/gcc/arm-none-eabi/15.2.0/../../../../arm-none-eabi/lib/armv6k/fpu/libc.a
LOAD /opt/devkitpro/devkitARM/lib/gcc/arm-none-eabi/15.2.0/../../../../arm-none-eabi/lib/armv6k/fpu/libsysbase.a
END GROUP
LOAD /opt/devkitpro/devkitARM/lib/gcc/arm-none-eabi/15.2.0/armv6k/fpu/crtend.o
LOAD /opt/devkitpro/devkitARM/lib/gcc/arm-none-eabi/15.2.0/armv6k/fpu/crtn.o
OUTPUT(Tunes3DS.elf elf32-littlearm)
LOAD linker stubs

.ARM.attributes
                0x00000000       0x2f
 .ARM.attributes
                0x00000000       0x1e /opt/devkitpro/devkitARM/lib/gcc/arm-none-eabi/15.2.0/../../../../arm-none-eabi/lib/armv6k/fpu/3dsx_crt0.o
 .ARM.attributes
                0x0000001e       0x1c /opt/devkitpro/devkitARM/lib/gcc/arm-none-eabi/15.2.0/armv6k/fpu/crti.o
 .ARM.attributes
                0x0000003a       0x30 /opt/devkitpro/devkitARM/lib/gcc/arm-none-eabi/15.2.0/armv6k/fpu/crtbegin.o
 .ARM.attributes
                0x0000006a       0x30 /opt/devkitpro/libctru/lib/libctru.a(initArgv.o)
 .ARM.attributes
                0x0000009a       0x1a /opt/devkitpro/libctru/lib/libctru.a(stack_adjust.o)
 .ARM.attributes
                0x000000b4       0x30 /opt/devkitpro/libctru/lib/libctru.a(3dslink.o)
 .ARM.attributes
                0x000000e4       0x30 /opt/devkitpro/libctru/lib/libctru.a(appExit.o)
 .ARM.attributes
                0x00000114       0x30 /opt/devkitpro/libctru/lib/libctru.a(appInit.o)
 .ARM.attributes
                0x00000144       0x30 /opt/devkitpro/libctru/lib/libctru.a(ctru_exit.o)
 .ARM.attributes
                0x00000174       0x30 /opt/devkitpro/libctru/lib/libctru.a(ctru_init.o)
 .ARM.attributes
                0x000001a4       0x30 /opt/devkitpro/libctru/lib/libctru.a(syscalls.o)
 .ARM.attributes
                0x000001d4       0x1a /opt/devkitpro/libctru/lib/libctru.a(svc.o)
 .ARM.attributes
                0x000001ee       0x30 /opt/devkitpro/libctru/lib/libctru.a(archive_dev.o)
 .ARM.attributes
                0x0000021e       0x30 /opt/devkitpro/libctru/lib/libctru.a(env.o)
 .ARM.attributes
                0x0000024e       0x30 /opt/devkitpro/libctru/lib/libctru.a(os.o)
 .ARM.attributes
                0x0000027e       0x30 /opt/devkitpro/libctru/lib/libctru.a(path_buf.o)
 .ARM.attributes
                0x000002ae       0x30 /opt/devkitpro/libctru/lib/libctru.a(srv.o)
 .ARM.attributes
                0x000002de       0x30 /opt/devkitpro/libctru/lib/libctru.a(synchronization.o)
 .ARM.attributes
                0x0000030e       0x30 /opt/devkitpro/libctru/lib/libctru.a(thread.o)
 .ARM.attributes
                0x0000033e       0x30 /opt/devkitpro/libctru/lib/libctru.a(apt.o)
 .ARM.attributes
                0x0000036e       0x30 /opt/devkitpro/libctru/lib/libctru.a(fs.o)
 .ARM.attributes
                0x0000039e       0x30 /opt/devkitpro/libctru/lib/libctru.a(gspgpu.o)
 .ARM.attributes
                0x000003ce       0x30 /opt/devkitpro/libctru/lib/libctru.a(hid.o)
 .ARM.attributes
                0x000003fe       0x30 /opt/devkitpro/libctru/lib/libctru.a(irrst.o)
 .ARM.attributes
                0x0000042e       0x30 /opt/devkitpro/libctru/lib/libctru.a(ptmsysm.o)
 .ARM.attributes
                0x0000045e       0x30 /opt/devkitpro/libctru/lib/libctru.a(srvpm.o)
 .ARM.attributes
                0x0000048e       0x30 /opt/devkitpro/libctru/lib/libctru.a(decode_utf8.o)
 .ARM.attributes
                0x000004be       0x30 /opt/devkitpro/libctru/lib/libctru.a(utf16_to_utf8.o)
 .ARM.attributes
                0x000004ee       0x30 /opt/devkitpro/libctru/lib/libctru.a(utf8_to_utf16.o)
 .ARM.attributes
                0x0000051e       0x30 /opt/devkitpro/libctru/lib/libctru.a(allocateHeaps.o)
 .ARM.attributes
                0x0000054e       0x1a /opt/devkitpro/libctru/lib/libctru.a(readtp.o)
 .ARM.attributes
                0x00000568       0x30 /opt/devkitpro/libctru/lib/libctru.a(mappable.o)
 .ARM.attributes
                0x00000598       0x30 /opt/devkitpro/libctru/lib/libctru.a(decode_utf16.o)
 .ARM.attributes
                0x000005c8       0x30 /opt/devkitpro/libctru/lib/libctru.a(encode_utf16.o)
 .ARM.attributes
                0x000005f8       0x30 /opt/devkitpro/libctru/lib/libctru.a(encode_utf8.o)
 .ARM.attributes
                0x00000628       0x1c /opt/devkitpro/devkitARM/lib/gcc/arm-none-eabi/15.2.0/armv6k/fpu/libgcc.a(_dvmd_tls.o)
 .ARM.attributes
                0x00000644       0x30 /opt/devkitpro/devkitARM/lib/gcc/arm-none-eabi/15.2.0/../../../../arm-none-eabi/lib/armv6k/fpu/libg.a(libc_a-strncat.o)
 .ARM.attributes
                0x00000674       0x30 /opt/devkitpro/devkitARM/lib/gcc/arm-none-eabi/15.2.0/../../../../arm-none-eabi/lib/armv6k/fpu/libg.a(libc_a-memcpy-stub.o)
 .ARM.attributes
                0x000006a4       0x30 /opt/devkitpro/devkitARM/lib/gcc/arm-none-eabi/15.2.0/../../../../arm-none-eabi/lib/armv6k/fpu/libg.a(libc_a-strlen.o)
 .ARM.attributes
                0x000006d4       0x30 /opt/devkitpro/devkitARM/lib/gcc/arm-none-eabi/15.2.0/../../../../arm-none-eabi/lib/armv6k/fpu/libg.a(libc_a-impure.o)
 .ARM.attributes
                0x00000704       0x30 /opt/devkitpro/devkitARM/lib/gcc/arm-none-eabi/15.2.0/../../../../arm-none-eabi/lib/armv6k/fpu/libg.a(libc_a-bsearch.o)
 .ARM.attributes
                0x00000734       0x30 /opt/devkitpro/devkitARM/lib/gcc/arm-none-eabi/15.2.0/../../../../arm-none-eabi/lib/armv6k/fpu/libg.a(libc_a-malign.o)
 .ARM.attributes
                0x00000764       0x30 /opt/devkitpro/devkitARM/lib/gcc/arm-none-eabi/15.2.0/../../../../arm-none-eabi/lib/armv6k/fpu/libg.a(libc_a-strtoul.o)
 .ARM.attributes
                0x00000794       0x30 /opt/devkitpro/devkitARM/lib/gcc/arm-none-eabi/15.2.0/../../../../arm-none-eabi/lib/armv6k/fpu/libg.a(libc_a-malignr.o)
 .ARM.attributes
                0x000007c4       0x30 /opt/devkitpro/devkitARM/lib/gcc/arm-none-eabi/15.2.0/../../../../arm-none-eabi/lib/armv6k/fpu/libg.a(libc_a-memset.o)
 .ARM.attributes
                0x000007f4       0x30 /opt/devkitpro/devkitARM/lib/gcc/arm-none-eabi/15.2.0/../../../../arm-none-eabi/lib/armv6k/fpu/libg.a(libc_a-mallocr.o)
 .ARM.attributes
                0x00000824       0x1a /opt/devkitpro/devkitARM/lib/gcc/arm-none-eabi/15.2.0/../../../../arm-none-eabi/lib/armv6k/fpu/libg.a(libc_a-strcmp.o)
 .ARM.attributes
                0x0000083e       0x30 /opt/devkitpro/devkitARM/lib/gcc/arm-none-eabi/15.2.0/../../../../arm-none-eabi/lib/armv6k/fpu/libg.a(libc_a-freer.o)
 .ARM.attributes
                0x0000086e       0x30 /opt/devkitpro/devkitARM/lib/gcc/arm-none-eabi/15.2.0/../../../../arm-none-eabi/lib/armv6k/fpu/libg.a(libc_a-findfp.o)
 .ARM.attributes
                0x0000089e       0x30 /opt/devkitpro/devkitARM/lib/gcc/arm-none-eabi/15.2.0/../../../../arm-none-eabi/lib/armv6k/fpu/libg.a(libc_a-init.o)
 .ARM.attributes
                0x000008ce       0x30 /opt/devkitpro/devkitARM/lib/gcc/arm-none-eabi/15.2.0/../../../../arm-none-eabi/lib/armv6k/fpu/libg.a(libc_a-strncpy.o)
 .ARM.attributes
                0x000008fe       0x30 /opt/devkitpro/devkitARM/lib/gcc/arm-none-eabi/15.2.0/../../../../arm-none-eabi/lib/armv6k/fpu/libg.a(libc_a-malloc.o)
 .ARM.attributes
                0x0000092e       0x30 /opt/devkitpro/devkitARM/lib/gcc/arm-none-eabi/15.2.0/../../../../arm-none-eabi/lib/armv6k/fpu/libg.a(libc_a-mlock.o)
 .ARM.attributes
                0x0000095e       0x30 /opt/devkitpro/devkitARM/lib/gcc/arm-none-eabi/15.2.0/../../../../arm-none-eabi/lib/armv6k/fpu/libg.a(libc_a-exit.o)
 .ARM.attributes
                0x0000098e       0x30 /opt/devkitpro/devkitARM/lib/gcc/arm-none-eabi/15.2.0/../../../../arm-none-eabi/lib/armv6k/fpu/libg.a(libc_a-fini.o)
 .ARM.attributes
                0x000009be       0x30 /opt/devkitpro/devkitARM/lib/gcc/arm-none-eabi/15.2.0/../../../../arm-none-eabi/lib/armv6k/fpu/libg.a(libc_a-strnlen.o)
 .ARM.attributes
                0x000009ee       0x30 /opt/devkitpro/devkitARM/lib/gcc/arm-none-eabi/15.2.0/../../../../arm-none-eabi/lib/armv6k/fpu/libg.a(libc_a-strncmp.o)
 .ARM.attributes
                0x00000a1e       0x30 /opt/devkitpro/devkitARM/lib/gcc/arm-none-eabi/15.2.0/../../../../arm-none-eabi/lib/armv6k/fpu/libg.a(libc_a-ctype_.o)
 .ARM.attributes
                0x00000a4e       0x30 /opt/devkitpro/devkitARM/lib/gcc/arm-none-eabi/15.2.0/../../../../arm-none-eabi/lib/armv6k/fpu/libsysbase.a(libsysbase_libsysbase_a-_exit.o)
 .ARM.attributes
                0x00000a7e       0x30 /opt/devkitpro/devkitARM/lib/gcc/arm-none-eabi/15.2.0/../../../../arm-none-eabi/lib/armv6k/fpu/libsysbase.a(libsysbase_libsysbase_a-chdir.o)
 .ARM.attributes
                0x00000aae       0x30 /opt/devkitpro/devkitARM/lib/gcc/arm-none-eabi/15.2.0/../../../../arm-none-eabi/lib/armv6k/fpu/libsysbase.a(libsysbase_libsysbase_a-concatenate.o)
 .ARM.attributes
                0x00000ade       0x30 /opt/devkitpro/devkitARM/lib/gcc/arm-none-eabi/15.2.0/../../../../arm-none-eabi/lib/armv6k/fpu/libsysbase.a(libsysbase_libsysbase_a-getreent.o)
 .ARM.attributes
                0x00000b0e       0x30 /opt/devkitpro/devkitARM/lib/gcc/arm-none-eabi/15.2.0/../../../../arm-none-eabi/lib/armv6k/fpu/libsysbase.a(libsysbase_libsysbase_a-iosupport.o)
 .ARM.attributes
                0x00000b3e       0x30 /opt/devkitpro/devkitARM/lib/gcc/arm-none-eabi/15.2.0/../../../../arm-none-eabi/lib/armv6k/fpu/libsysbase.a(libsysbase_libsysbase_a-malloc_vars.o)
 .ARM.attributes
                0x00000b6e       0x30 /opt/devkitpro/devkitARM/lib/gcc/arm-none-eabi/15.2.0/../../../../arm-none-eabi/lib/armv6k/fpu/libsysbase.a(libsysbase_libsysbase_a-sbrk.o)
 .ARM.attributes
                0x00000b9e       0x30 /opt/devkitpro/devkitARM/lib/gcc/arm-none-eabi/15.2.0/../../../../arm-none-eabi/lib/armv6k/fpu/libsysbase.a(libsysbase_libsysbase_a-syscall_support.o)
 .ARM.attributes
                0x00000bce       0x1c /opt/devkitpro/devkitARM/lib/gcc/arm-none-eabi/15.2.0/armv6k/fpu/libgcc.a(_udivsi3.o)
 .ARM.attributes
                0x00000bea       0x30 /opt/devkitpro/devkitARM/lib/gcc/arm-none-eabi/15.2.0/../../../../arm-none-eabi/lib/armv6k/fpu/libg.a(libc_a-strchr.o)
 .ARM.attributes
                0x00000c1a       0x30 /opt/devkitpro/devkitARM/lib/gcc/arm-none-eabi/15.2.0/../../../../arm-none-eabi/lib/armv6k/fpu/libg.a(libc_a-strrchr.o)
 .ARM.attributes
                0x00000c4a       0x1c /opt/devkitpro/devkitARM/lib/gcc/arm-none-eabi/15.2.0/armv6k/fpu/crtn.o

.debug_loclists
                0x00000000     0xe6cf
 .debug_loclists
                0x00000000       0xb6 /opt/devkitpro/libctru/lib/libctru.a(initArgv.o)
 .debug_loclists
                0x000000b6       0x82 /opt/devkitpro/libctru/lib/libctru.a(3dslink.o)
 .debug_loclists
                0x00000138       0x2a /opt/devkitpro/libctru/lib/libctru.a(ctru_exit.o)
 .debug_loclists
                0x00000162       0x29 /opt/devkitpro/libctru/lib/libctru.a(ctru_init.o)
 .debug_loclists
                0x0000018b      0x556 /opt/devkitpro/libctru/lib/libctru.a(syscalls.o)
 .debug_loclists
                0x000006e1     0x19a5 /opt/devkitpro/libctru/lib/libctru.a(archive_dev.o)
 .debug_loclists
                0x00002086       0xe1 /opt/devkitpro/libctru/lib/libctru.a(env.o)
 .debug_loclists
                0x00002167      0x20e /opt/devkitpro/libctru/lib/libctru.a(os.o)
 .debug_loclists
                0x00002375      0x5fb /opt/devkitpro/libctru/lib/libctru.a(srv.o)
 .debug_loclists
                0x00002970     0x155b /opt/devkitpro/libctru/lib/libctru.a(synchronization.o)
 .debug_loclists
                0x00003ecb      0x473 /opt/devkitpro/libctru/lib/libctru.a(thread.o)
 .debug_loclists
                0x0000433e     0x2304 /opt/devkitpro/libctru/lib/libctru.a(apt.o)
 .debug_loclists
                0x00006642     0x3c48 /opt/devkitpro/libctru/lib/libctru.a(fs.o)
 .debug_loclists
                0x0000a28a     0x2b4d /opt/devkitpro/libctru/lib/libctru.a(gspgpu.o)
 .debug_loclists
                0x0000cdd7      0x88b /opt/devkitpro/libctru/lib/libctru.a(hid.o)
 .debug_loclists
                0x0000d662      0x3a1 /opt/devkitpro/libctru/lib/libctru.a(irrst.o)
 .debug_loclists
                0x0000da03      0x3d7 /opt/devkitpro/libctru/lib/libctru.a(ptmsysm.o)
 .debug_loclists
                0x0000ddda      0x206 /opt/devkitpro/libctru/lib/libctru.a(srvpm.o)
 .debug_loclists
                0x0000dfe0      0x1cb /opt/devkitpro/libctru/lib/libctru.a(decode_utf8.o)
 .debug_loclists
                0x0000e1ab       0xda /opt/devkitpro/libctru/lib/libctru.a(utf16_to_utf8.o)
 .debug_loclists
                0x0000e285       0xc7 /opt/devkitpro/libctru/lib/libctru.a(utf8_to_utf16.o)
 .debug_loclists
                0x0000e34c       0x66 /opt/devkitpro/libctru/lib/libctru.a(allocateHeaps.o)
 .debug_loclists
                0x0000e3b2       0xd3 /opt/devkitpro/libctru/lib/libctru.a(mappable.o)
 .debug_loclists
                0x0000e485       0xa5 /opt/devkitpro/libctru/lib/libctru.a(decode_utf16.o)
 .debug_loclists
                0x0000e52a       0x88 /opt/devkitpro/libctru/lib/libctru.a(encode_utf16.o)
 .debug_loclists
                0x0000e5b2      0x11d /opt/devkitpro/libctru/lib/libctru.a(encode_utf8.o)

.debug_rnglists
                0x00000000     0x3143
 .debug_rnglists
                0x00000000       0x23 /opt/devkitpro/libctru/lib/libctru.a(initArgv.o)
 .debug_rnglists
                0x00000023       0x19 /opt/devkitpro/libctru/lib/libctru.a(stack_adjust.o)
 .debug_rnglists
                0x0000003c       0x14 /opt/devkitpro/libctru/lib/libctru.a(3dslink.o)
 .debug_rnglists
                0x00000050       0x13 /opt/devkitpro/libctru/lib/libctru.a(appExit.o)
 .debug_rnglists
                0x00000063       0x13 /opt/devkitpro/libctru/lib/libctru.a(appInit.o)
 .debug_rnglists
                0x00000076       0x14 /opt/devkitpro/libctru/lib/libctru.a(ctru_exit.o)
 .debug_rnglists
                0x0000008a       0x13 /opt/devkitpro/libctru/lib/libctru.a(ctru_init.o)
 .debug_rnglists
                0x0000009d       0xf9 /opt/devkitpro/libctru/lib/libctru.a(syscalls.o)
 .debug_rnglists
                0x00000196      0x25f /opt/devkitpro/libctru/lib/libctru.a(svc.o)
 .debug_rnglists
                0x000003f5      0x1f2 /opt/devkitpro/libctru/lib/libctru.a(archive_dev.o)
 .debug_rnglists
                0x000005e7       0x1a /opt/devkitpro/libctru/lib/libctru.a(env.o)
 .debug_rnglists
                0x00000601       0x7a /opt/devkitpro/libctru/lib/libctru.a(os.o)
 .debug_rnglists
                0x0000067b      0x185 /opt/devkitpro/libctru/lib/libctru.a(srv.o)
 .debug_rnglists
                0x00000800      0x417 /opt/devkitpro/libctru/lib/libctru.a(synchronization.o)
 .debug_rnglists
                0x00000c17       0xaa /opt/devkitpro/libctru/lib/libctru.a(thread.o)
 .debug_rnglists
                0x00000cc1      0x7bf /opt/devkitpro/libctru/lib/libctru.a(apt.o)
 .debug_rnglists
                0x00001480     0x12a4 /opt/devkitpro/libctru/lib/libctru.a(fs.o)
 .debug_rnglists
                0x00002724      0x57e /opt/devkitpro/libctru/lib/libctru.a(gspgpu.o)
 .debug_rnglists
                0x00002ca2      0x10a /opt/devkitpro/libctru/lib/libctru.a(hid.o)
 .debug_rnglists
                0x00002dac       0x88 /opt/devkitpro/libctru/lib/libctru.a(irrst.o)
 .debug_rnglists
                0x00002e34      0x15e /opt/devkitpro/libctru/lib/libctru.a(ptmsysm.o)
 .debug_rnglists
                0x00002f92       0xef /opt/devkitpro/libctru/lib/libctru.a(srvpm.o)
 .debug_rnglists